<html>
<body>
<pre>
<h1>礦ision Build Log</h1>
<h2>Tool Versions:</h2>
IDE-Version: μVision V5.37.0.0
Copyright (C) 2022 ARM Ltd and ARM Germany GmbH. All rights reserved.
License Information: 123 hedongda@126.COM, 123, LIC=21E4T-R8RIZ-HL5CL-0QYPR-APN17-B2ZRL
 
Tool Versions:
Toolchain:       MDK-ARM Plus  Version: 5.37.0.0
Toolchain Path:  D:\Keil_v5\ARM\ARMCLANG\Bin
C Compiler:      ArmClang.exe V6.18
Assembler:       Armasm.exe V6.18
Linker/Locator:  ArmLink.exe V6.18
Library Manager: ArmAr.exe V6.18
Hex Converter:   FromElf.exe V6.18
CPU DLL:         SARMCM3.DLL V5.37.0.0
Dialog DLL:      DCM.DLL V1.17.5.0
Target DLL:      Segger\JL2CM3.dll V2.99.42.0
Dialog DLL:      TCM.DLL V1.56.1.0
 
<h2>Project:</h2>
E:\AA项目\安徽高速20230309\new_gateway_board_V4\gateway_board.uvprojx
Project File Date:  03/09/2023

<h2>Output:</h2>
*** Using Compiler 'V6.18', folder: 'D:\Keil_v5\ARM\ARMCLANG\Bin'
Rebuild target 'Target 1'
compiling gps_control.c...
compiling main.c...
compiling project_psm_control.c...
compiling key_handle.c...
compiling lock_rs485_handle.c...
compiling monitor_board_handle.c...
compiling nb_iot_mqtt_handle.c...
compiling oled_handle.c...
compiling autoeclosing_rs485_handle.c...
compiling camera_handle.c...
compiling eth_to_freertos.c...
compiling eth_to_mqtt.c...
compiling eth_handle.c...
assembling startup_hc32f4a0.s...
compiling circuit_breaker_rs485_handle.c...
compiling eth_mqtt_handle.c...
compiling system_hc32f4a0.c...
compiling hc32_ll.c...
compiling hc32_ll_aes.c...
compiling hc32_ll_adc.c...
compiling hc32_ll_aos.c...
compiling hc32_ll_can.c...
compiling hc32_ll_clk.c...
compiling hc32_ll_cmp.c...
compiling hc32_ll_crc.c...
compiling hc32_ll_ctc.c...
compiling hc32_ll_dac.c...
compiling hc32_ll_dcu.c...
compiling hc32_ll_dma.c...
compiling hc32_ll_dmc.c...
compiling hc32_ll_dvp.c...
compiling hc32_ll_emb.c...
compiling hc32_ll_efm.c...
compiling hc32_ll_eth.c...
compiling hc32_ll_event_port.c...
compiling hc32_ll_fcg.c...
compiling hc32_ll_fcm.c...
compiling hc32_ll_fmac.c...
compiling hc32_ll_gpio.c...
compiling hc32_ll_hash.c...
compiling hc32_ll_hrpwm.c...
compiling hc32_ll_i2c.c...
compiling hc32_ll_i2s.c...
compiling hc32_ll_icg.c...
compiling hc32_ll_keyscan.c...
compiling hc32_ll_interrupts.c...
compiling hc32_ll_mau.c...
compiling hc32_ll_mpu.c...
compiling hc32_ll_nfc.c...
compiling hc32_ll_ots.c...
compiling hc32_ll_pwc.c...
compiling hc32_ll_qspi.c...
compiling hc32_ll_rmu.c...
compiling hc32_ll_smc.c...
compiling hc32_ll_sdioc.c...
compiling hc32_ll_rtc.c...
compiling hc32_ll_sram.c...
compiling hc32_ll_spi.c...
compiling hc32_ll_swdt.c...
compiling hc32_ll_tmr0.c...
compiling hc32_ll_tmr2.c...
compiling hc32_ll_tmr4.c...
compiling hc32_ll_tmr6.c...
compiling hc32_ll_tmra.c...
compiling hc32_ll_trng.c...
compiling hc32_ll_utility.c...
compiling hc32_ll_wdt.c...
compiling hc32_ll_usart.c...
compiling hc32f4a0_ll_interrupts_share.c...
compiling flash_drv.c...
compiling qspi_flash.c...
compiling rtc_drv.c...
compiling wdt_drv.c...
compiling w5500.c...
compiling w5500_dir.c...
compiling am2301a_dir.c...
compiling wizchip_conf.c...
compiling autoeclosing_rs485_dir.c...
compiling bat_dir.c...
compiling lock_rs485_dir.c...
compiling buzzer_dir.c...
compiling camera_com_pro.c...
compiling camera_dir.c...
compiling gps_dir.c...
compiling led_dir.c...
compiling key_dir.c...
compiling monitor_board_dir.c...
compiling nb_uart_dir.c...
compiling oled_dir.c...
compiling sensor_in_dir.c...
compiling circuit_breaker_rs485_dir.c...
compiling croutine.c...
compiling event_groups.c...
compiling list.c...
compiling queue.c...
compiling stream_buffer.c...
compiling timers.c...
compiling tasks.c...
compiling port.c...
compiling heap_4.c...
compiling sys_os.c...
compiling sys_assert.c...
compiling sys_work_queue.c...
compiling work_queue.c...
compiling partition.c...
compiling psm_crc32.c...
compiling soft_md5.c...
compiling strnlen.c...
compiling console.c...
compiling psm_v2.c...
compiling sys_stdio.c...
compiling sys_utils.c...
compiling hwrtc.c...
compiling swrtc.c...
compiling sys_time.c...
compiling healthmon.c...
compiling w5500_dhcp.c...
compiling w5500_dns.c...
compiling http_parser.c...
compiling w5500_socket.c...
compiling MQTTConnectClient.c...
compiling http_server.c...
compiling http_util.c...
compiling MQTTConnectServer.c...
compiling MQTTDeserializePublish.c...
compiling MQTTFormat.c...
compiling MQTTPacket.c...
compiling MQTTSerializePublish.c...
compiling MQTTSubscribeClient.c...
compiling MQTTSubscribeServer.c...
compiling MQTTUnsubscribeClient.c...
compiling MQTTUnsubscribeServer.c...
compiling aiot_at_client_api.c...
compiling aiot_module_api.c...
compiling aiot_mqtt_api.c...
compiling aiot_state_api.c...
compiling core_ring_buffer.c...
compiling core_string.c...
compiling core_log.c...
compiling core_sysdep.c...
compiling posix_port.c...
compiling jsmn.c...
compiling json_generator.c...
compiling json_parser.c...
linking...
Program Size: Code=206626 RO-data=36078 RW-data=1728 ZI-data=197008  
FromELF: creating hex file...
".\Objects\gateway_board.axf" - 0 Error(s), 0 Warning(s).

<h2>Software Packages used:</h2>

Package Vendor: ARM
                http://www.keil.com/pack/ARM.CMSIS.5.9.0.pack
                ARM.CMSIS.5.9.0
                CMSIS (Common Microcontroller Software Interface Standard)
   * Component: CORE Version: 5.6.0

Package Vendor: HDSC
                https://raw.githubusercontent.com/hdscmcu/pack/master/HDSC.HC32F4A0.1.0.7.pack
                HDSC.HC32F4A0.1.0.7
                HC32F4A0 ARM Cortex-M4 Device Family Pack

<h2>Collection of Component include folders:</h2>
  ./RTE/_Target_1
  D:/Keil_v5/ARM/Packs/ARM/CMSIS/5.9.0/CMSIS/Core/Include
  D:/Keil_v5/ARM/Packs/HDSC/HC32F4A0/1.0.7/Device/Include

<h2>Collection of Component Files used:</h2>

   * Component: ARM::CMSIS:CORE:5.6.0
Build Time Elapsed:  00:00:33
</pre>
</body>
</html>
