<!doctype html public "-//w3c//dtd html 4.0 transitional//en">
<html><head>
<title>Static Call Graph - [.\Objects\gateway_board.axf]</title></head>
<body><HR>
<H1>Static Call Graph for image .\Objects\gateway_board.axf</H1><HR>
<BR><P>#&#060CALLGRAPH&#062# ARM Linker, 6180002: Last Updated: Wed May 24 10:04:12 2023
<BR><P>
<H3>Maximum Stack Usage =       3872 bytes + Unknown(Cycles, Untraceable Function Pointers)</H3><H3>
Call chain for Maximum Stack Depth:</H3>
mqtt_control_thread &rArr; report_gate_data &rArr; send_message_to_cloud &rArr; MQTTPublish &rArr; waitfor &rArr; cycle &rArr; keepalive &rArr; sendPacket &rArr; TimerIsExpired &rArr; xTaskCheckForTimeOut &rArr; vPortExitCritical
<P>
<H3>
Mutually Recursive functions
</H3> <LI><a href="#[1e]">NMI_Handler</a>&nbsp;&nbsp;&nbsp;&rArr;&nbsp;&nbsp;&nbsp;<a href="#[1e]">NMI_Handler</a><BR>
 <LI><a href="#[1f]">HardFault_Handler</a>&nbsp;&nbsp;&nbsp;&rArr;&nbsp;&nbsp;&nbsp;<a href="#[1f]">HardFault_Handler</a><BR>
 <LI><a href="#[20]">MemManage_Handler</a>&nbsp;&nbsp;&nbsp;&rArr;&nbsp;&nbsp;&nbsp;<a href="#[20]">MemManage_Handler</a><BR>
 <LI><a href="#[21]">BusFault_Handler</a>&nbsp;&nbsp;&nbsp;&rArr;&nbsp;&nbsp;&nbsp;<a href="#[21]">BusFault_Handler</a><BR>
 <LI><a href="#[22]">UsageFault_Handler</a>&nbsp;&nbsp;&nbsp;&rArr;&nbsp;&nbsp;&nbsp;<a href="#[22]">UsageFault_Handler</a><BR>
 <LI><a href="#[24]">DebugMon_Handler</a>&nbsp;&nbsp;&nbsp;&rArr;&nbsp;&nbsp;&nbsp;<a href="#[24]">DebugMon_Handler</a><BR>
 <LI><a href="#[a7]">IRQ128_Handler</a>&nbsp;&nbsp;&nbsp;&rArr;&nbsp;&nbsp;&nbsp;<a href="#[a7]">IRQ128_Handler</a><BR>
 <LI><a href="#[202]">skip_to_last</a>&nbsp;&nbsp;&nbsp;&rArr;&nbsp;&nbsp;&nbsp;<a href="#[202]">skip_to_last</a><BR>
 <LI><a href="#[201]">__json_is_valid</a>&nbsp;&nbsp;&nbsp;&rArr;&nbsp;&nbsp;&nbsp;<a href="#[201]">__json_is_valid</a><BR>
</UL>
<P>
<H3>
Function Pointers
</H3><UL>
 <LI><a href="#[21]">BusFault_Handler</a> from startup_hc32f4a0.o(.text) referenced from startup_hc32f4a0.o(RESET)
 <LI><a href="#[24]">DebugMon_Handler</a> from startup_hc32f4a0.o(.text) referenced from startup_hc32f4a0.o(RESET)
 <LI><a href="#[ca]">EXTINT_POWER_OFF_IrqCallback</a> from bat_dir.o(.text.EXTINT_POWER_OFF_IrqCallback) referenced 2 times from bat_dir.o(.text.bat_io_init)
 <LI><a href="#[c1]">FreeRTOS_disconnect</a> from eth_to_freertos.o(.text.FreeRTOS_disconnect) referenced 2 times from eth_to_freertos.o(.text.NetworkInit)
 <LI><a href="#[bf]">FreeRTOS_read</a> from eth_to_freertos.o(.text.FreeRTOS_read) referenced 2 times from eth_to_freertos.o(.text.NetworkInit)
 <LI><a href="#[c0]">FreeRTOS_write</a> from eth_to_freertos.o(.text.FreeRTOS_write) referenced 2 times from eth_to_freertos.o(.text.NetworkInit)
 <LI><a href="#[1f]">HardFault_Handler</a> from startup_hc32f4a0.o(.text) referenced from startup_hc32f4a0.o(RESET)
 <LI><a href="#[27]">IRQ000_Handler</a> from hc32_ll_interrupts.o(.text.IRQ000_Handler) referenced from startup_hc32f4a0.o(RESET)
 <LI><a href="#[28]">IRQ001_Handler</a> from hc32_ll_interrupts.o(.text.IRQ001_Handler) referenced from startup_hc32f4a0.o(RESET)
 <LI><a href="#[29]">IRQ002_Handler</a> from hc32_ll_interrupts.o(.text.IRQ002_Handler) referenced from startup_hc32f4a0.o(RESET)
 <LI><a href="#[2a]">IRQ003_Handler</a> from hc32_ll_interrupts.o(.text.IRQ003_Handler) referenced from startup_hc32f4a0.o(RESET)
 <LI><a href="#[2b]">IRQ004_Handler</a> from hc32_ll_interrupts.o(.text.IRQ004_Handler) referenced from startup_hc32f4a0.o(RESET)
 <LI><a href="#[2c]">IRQ005_Handler</a> from hc32_ll_interrupts.o(.text.IRQ005_Handler) referenced from startup_hc32f4a0.o(RESET)
 <LI><a href="#[2d]">IRQ006_Handler</a> from hc32_ll_interrupts.o(.text.IRQ006_Handler) referenced from startup_hc32f4a0.o(RESET)
 <LI><a href="#[2e]">IRQ007_Handler</a> from hc32_ll_interrupts.o(.text.IRQ007_Handler) referenced from startup_hc32f4a0.o(RESET)
 <LI><a href="#[2f]">IRQ008_Handler</a> from hc32_ll_interrupts.o(.text.IRQ008_Handler) referenced from startup_hc32f4a0.o(RESET)
 <LI><a href="#[30]">IRQ009_Handler</a> from hc32_ll_interrupts.o(.text.IRQ009_Handler) referenced from startup_hc32f4a0.o(RESET)
 <LI><a href="#[31]">IRQ010_Handler</a> from hc32_ll_interrupts.o(.text.IRQ010_Handler) referenced from startup_hc32f4a0.o(RESET)
 <LI><a href="#[32]">IRQ011_Handler</a> from hc32_ll_interrupts.o(.text.IRQ011_Handler) referenced from startup_hc32f4a0.o(RESET)
 <LI><a href="#[33]">IRQ012_Handler</a> from hc32_ll_interrupts.o(.text.IRQ012_Handler) referenced from startup_hc32f4a0.o(RESET)
 <LI><a href="#[34]">IRQ013_Handler</a> from hc32_ll_interrupts.o(.text.IRQ013_Handler) referenced from startup_hc32f4a0.o(RESET)
 <LI><a href="#[35]">IRQ014_Handler</a> from hc32_ll_interrupts.o(.text.IRQ014_Handler) referenced from startup_hc32f4a0.o(RESET)
 <LI><a href="#[36]">IRQ015_Handler</a> from hc32_ll_interrupts.o(.text.IRQ015_Handler) referenced from startup_hc32f4a0.o(RESET)
 <LI><a href="#[37]">IRQ016_Handler</a> from hc32_ll_interrupts.o(.text.IRQ016_Handler) referenced from startup_hc32f4a0.o(RESET)
 <LI><a href="#[38]">IRQ017_Handler</a> from hc32_ll_interrupts.o(.text.IRQ017_Handler) referenced from startup_hc32f4a0.o(RESET)
 <LI><a href="#[39]">IRQ018_Handler</a> from hc32_ll_interrupts.o(.text.IRQ018_Handler) referenced from startup_hc32f4a0.o(RESET)
 <LI><a href="#[3a]">IRQ019_Handler</a> from hc32_ll_interrupts.o(.text.IRQ019_Handler) referenced from startup_hc32f4a0.o(RESET)
 <LI><a href="#[3b]">IRQ020_Handler</a> from hc32_ll_interrupts.o(.text.IRQ020_Handler) referenced from startup_hc32f4a0.o(RESET)
 <LI><a href="#[3c]">IRQ021_Handler</a> from hc32_ll_interrupts.o(.text.IRQ021_Handler) referenced from startup_hc32f4a0.o(RESET)
 <LI><a href="#[3d]">IRQ022_Handler</a> from hc32_ll_interrupts.o(.text.IRQ022_Handler) referenced from startup_hc32f4a0.o(RESET)
 <LI><a href="#[3e]">IRQ023_Handler</a> from hc32_ll_interrupts.o(.text.IRQ023_Handler) referenced from startup_hc32f4a0.o(RESET)
 <LI><a href="#[3f]">IRQ024_Handler</a> from hc32_ll_interrupts.o(.text.IRQ024_Handler) referenced from startup_hc32f4a0.o(RESET)
 <LI><a href="#[40]">IRQ025_Handler</a> from hc32_ll_interrupts.o(.text.IRQ025_Handler) referenced from startup_hc32f4a0.o(RESET)
 <LI><a href="#[41]">IRQ026_Handler</a> from hc32_ll_interrupts.o(.text.IRQ026_Handler) referenced from startup_hc32f4a0.o(RESET)
 <LI><a href="#[42]">IRQ027_Handler</a> from hc32_ll_interrupts.o(.text.IRQ027_Handler) referenced from startup_hc32f4a0.o(RESET)
 <LI><a href="#[43]">IRQ028_Handler</a> from hc32_ll_interrupts.o(.text.IRQ028_Handler) referenced from startup_hc32f4a0.o(RESET)
 <LI><a href="#[44]">IRQ029_Handler</a> from hc32_ll_interrupts.o(.text.IRQ029_Handler) referenced from startup_hc32f4a0.o(RESET)
 <LI><a href="#[45]">IRQ030_Handler</a> from hc32_ll_interrupts.o(.text.IRQ030_Handler) referenced from startup_hc32f4a0.o(RESET)
 <LI><a href="#[46]">IRQ031_Handler</a> from hc32_ll_interrupts.o(.text.IRQ031_Handler) referenced from startup_hc32f4a0.o(RESET)
 <LI><a href="#[47]">IRQ032_Handler</a> from hc32_ll_interrupts.o(.text.IRQ032_Handler) referenced from startup_hc32f4a0.o(RESET)
 <LI><a href="#[48]">IRQ033_Handler</a> from hc32_ll_interrupts.o(.text.IRQ033_Handler) referenced from startup_hc32f4a0.o(RESET)
 <LI><a href="#[49]">IRQ034_Handler</a> from hc32_ll_interrupts.o(.text.IRQ034_Handler) referenced from startup_hc32f4a0.o(RESET)
 <LI><a href="#[4a]">IRQ035_Handler</a> from hc32_ll_interrupts.o(.text.IRQ035_Handler) referenced from startup_hc32f4a0.o(RESET)
 <LI><a href="#[4b]">IRQ036_Handler</a> from hc32_ll_interrupts.o(.text.IRQ036_Handler) referenced from startup_hc32f4a0.o(RESET)
 <LI><a href="#[4c]">IRQ037_Handler</a> from hc32_ll_interrupts.o(.text.IRQ037_Handler) referenced from startup_hc32f4a0.o(RESET)
 <LI><a href="#[4d]">IRQ038_Handler</a> from hc32_ll_interrupts.o(.text.IRQ038_Handler) referenced from startup_hc32f4a0.o(RESET)
 <LI><a href="#[4e]">IRQ039_Handler</a> from hc32_ll_interrupts.o(.text.IRQ039_Handler) referenced from startup_hc32f4a0.o(RESET)
 <LI><a href="#[4f]">IRQ040_Handler</a> from hc32_ll_interrupts.o(.text.IRQ040_Handler) referenced from startup_hc32f4a0.o(RESET)
 <LI><a href="#[50]">IRQ041_Handler</a> from hc32_ll_interrupts.o(.text.IRQ041_Handler) referenced from startup_hc32f4a0.o(RESET)
 <LI><a href="#[51]">IRQ042_Handler</a> from hc32_ll_interrupts.o(.text.IRQ042_Handler) referenced from startup_hc32f4a0.o(RESET)
 <LI><a href="#[52]">IRQ043_Handler</a> from hc32_ll_interrupts.o(.text.IRQ043_Handler) referenced from startup_hc32f4a0.o(RESET)
 <LI><a href="#[53]">IRQ044_Handler</a> from hc32_ll_interrupts.o(.text.IRQ044_Handler) referenced from startup_hc32f4a0.o(RESET)
 <LI><a href="#[54]">IRQ045_Handler</a> from hc32_ll_interrupts.o(.text.IRQ045_Handler) referenced from startup_hc32f4a0.o(RESET)
 <LI><a href="#[55]">IRQ046_Handler</a> from hc32_ll_interrupts.o(.text.IRQ046_Handler) referenced from startup_hc32f4a0.o(RESET)
 <LI><a href="#[56]">IRQ047_Handler</a> from hc32_ll_interrupts.o(.text.IRQ047_Handler) referenced from startup_hc32f4a0.o(RESET)
 <LI><a href="#[57]">IRQ048_Handler</a> from hc32_ll_interrupts.o(.text.IRQ048_Handler) referenced from startup_hc32f4a0.o(RESET)
 <LI><a href="#[58]">IRQ049_Handler</a> from hc32_ll_interrupts.o(.text.IRQ049_Handler) referenced from startup_hc32f4a0.o(RESET)
 <LI><a href="#[59]">IRQ050_Handler</a> from hc32_ll_interrupts.o(.text.IRQ050_Handler) referenced from startup_hc32f4a0.o(RESET)
 <LI><a href="#[5a]">IRQ051_Handler</a> from hc32_ll_interrupts.o(.text.IRQ051_Handler) referenced from startup_hc32f4a0.o(RESET)
 <LI><a href="#[5b]">IRQ052_Handler</a> from hc32_ll_interrupts.o(.text.IRQ052_Handler) referenced from startup_hc32f4a0.o(RESET)
 <LI><a href="#[5c]">IRQ053_Handler</a> from hc32_ll_interrupts.o(.text.IRQ053_Handler) referenced from startup_hc32f4a0.o(RESET)
 <LI><a href="#[5d]">IRQ054_Handler</a> from hc32_ll_interrupts.o(.text.IRQ054_Handler) referenced from startup_hc32f4a0.o(RESET)
 <LI><a href="#[5e]">IRQ055_Handler</a> from hc32_ll_interrupts.o(.text.IRQ055_Handler) referenced from startup_hc32f4a0.o(RESET)
 <LI><a href="#[5f]">IRQ056_Handler</a> from hc32_ll_interrupts.o(.text.IRQ056_Handler) referenced from startup_hc32f4a0.o(RESET)
 <LI><a href="#[60]">IRQ057_Handler</a> from hc32_ll_interrupts.o(.text.IRQ057_Handler) referenced from startup_hc32f4a0.o(RESET)
 <LI><a href="#[61]">IRQ058_Handler</a> from hc32_ll_interrupts.o(.text.IRQ058_Handler) referenced from startup_hc32f4a0.o(RESET)
 <LI><a href="#[62]">IRQ059_Handler</a> from hc32_ll_interrupts.o(.text.IRQ059_Handler) referenced from startup_hc32f4a0.o(RESET)
 <LI><a href="#[63]">IRQ060_Handler</a> from hc32_ll_interrupts.o(.text.IRQ060_Handler) referenced from startup_hc32f4a0.o(RESET)
 <LI><a href="#[64]">IRQ061_Handler</a> from hc32_ll_interrupts.o(.text.IRQ061_Handler) referenced from startup_hc32f4a0.o(RESET)
 <LI><a href="#[65]">IRQ062_Handler</a> from hc32_ll_interrupts.o(.text.IRQ062_Handler) referenced from startup_hc32f4a0.o(RESET)
 <LI><a href="#[66]">IRQ063_Handler</a> from hc32_ll_interrupts.o(.text.IRQ063_Handler) referenced from startup_hc32f4a0.o(RESET)
 <LI><a href="#[67]">IRQ064_Handler</a> from hc32_ll_interrupts.o(.text.IRQ064_Handler) referenced from startup_hc32f4a0.o(RESET)
 <LI><a href="#[68]">IRQ065_Handler</a> from hc32_ll_interrupts.o(.text.IRQ065_Handler) referenced from startup_hc32f4a0.o(RESET)
 <LI><a href="#[69]">IRQ066_Handler</a> from hc32_ll_interrupts.o(.text.IRQ066_Handler) referenced from startup_hc32f4a0.o(RESET)
 <LI><a href="#[6a]">IRQ067_Handler</a> from hc32_ll_interrupts.o(.text.IRQ067_Handler) referenced from startup_hc32f4a0.o(RESET)
 <LI><a href="#[6b]">IRQ068_Handler</a> from hc32_ll_interrupts.o(.text.IRQ068_Handler) referenced from startup_hc32f4a0.o(RESET)
 <LI><a href="#[6c]">IRQ069_Handler</a> from hc32_ll_interrupts.o(.text.IRQ069_Handler) referenced from startup_hc32f4a0.o(RESET)
 <LI><a href="#[6d]">IRQ070_Handler</a> from hc32_ll_interrupts.o(.text.IRQ070_Handler) referenced from startup_hc32f4a0.o(RESET)
 <LI><a href="#[6e]">IRQ071_Handler</a> from hc32_ll_interrupts.o(.text.IRQ071_Handler) referenced from startup_hc32f4a0.o(RESET)
 <LI><a href="#[6f]">IRQ072_Handler</a> from hc32_ll_interrupts.o(.text.IRQ072_Handler) referenced from startup_hc32f4a0.o(RESET)
 <LI><a href="#[70]">IRQ073_Handler</a> from hc32_ll_interrupts.o(.text.IRQ073_Handler) referenced from startup_hc32f4a0.o(RESET)
 <LI><a href="#[71]">IRQ074_Handler</a> from hc32_ll_interrupts.o(.text.IRQ074_Handler) referenced from startup_hc32f4a0.o(RESET)
 <LI><a href="#[72]">IRQ075_Handler</a> from hc32_ll_interrupts.o(.text.IRQ075_Handler) referenced from startup_hc32f4a0.o(RESET)
 <LI><a href="#[73]">IRQ076_Handler</a> from hc32_ll_interrupts.o(.text.IRQ076_Handler) referenced from startup_hc32f4a0.o(RESET)
 <LI><a href="#[74]">IRQ077_Handler</a> from hc32_ll_interrupts.o(.text.IRQ077_Handler) referenced from startup_hc32f4a0.o(RESET)
 <LI><a href="#[75]">IRQ078_Handler</a> from hc32_ll_interrupts.o(.text.IRQ078_Handler) referenced from startup_hc32f4a0.o(RESET)
 <LI><a href="#[76]">IRQ079_Handler</a> from hc32_ll_interrupts.o(.text.IRQ079_Handler) referenced from startup_hc32f4a0.o(RESET)
 <LI><a href="#[77]">IRQ080_Handler</a> from hc32_ll_interrupts.o(.text.IRQ080_Handler) referenced from startup_hc32f4a0.o(RESET)
 <LI><a href="#[78]">IRQ081_Handler</a> from hc32_ll_interrupts.o(.text.IRQ081_Handler) referenced from startup_hc32f4a0.o(RESET)
 <LI><a href="#[79]">IRQ082_Handler</a> from hc32_ll_interrupts.o(.text.IRQ082_Handler) referenced from startup_hc32f4a0.o(RESET)
 <LI><a href="#[7a]">IRQ083_Handler</a> from hc32_ll_interrupts.o(.text.IRQ083_Handler) referenced from startup_hc32f4a0.o(RESET)
 <LI><a href="#[7b]">IRQ084_Handler</a> from hc32_ll_interrupts.o(.text.IRQ084_Handler) referenced from startup_hc32f4a0.o(RESET)
 <LI><a href="#[7c]">IRQ085_Handler</a> from hc32_ll_interrupts.o(.text.IRQ085_Handler) referenced from startup_hc32f4a0.o(RESET)
 <LI><a href="#[7d]">IRQ086_Handler</a> from hc32_ll_interrupts.o(.text.IRQ086_Handler) referenced from startup_hc32f4a0.o(RESET)
 <LI><a href="#[7e]">IRQ087_Handler</a> from hc32_ll_interrupts.o(.text.IRQ087_Handler) referenced from startup_hc32f4a0.o(RESET)
 <LI><a href="#[7f]">IRQ088_Handler</a> from hc32_ll_interrupts.o(.text.IRQ088_Handler) referenced from startup_hc32f4a0.o(RESET)
 <LI><a href="#[80]">IRQ089_Handler</a> from hc32_ll_interrupts.o(.text.IRQ089_Handler) referenced from startup_hc32f4a0.o(RESET)
 <LI><a href="#[81]">IRQ090_Handler</a> from hc32_ll_interrupts.o(.text.IRQ090_Handler) referenced from startup_hc32f4a0.o(RESET)
 <LI><a href="#[82]">IRQ091_Handler</a> from hc32_ll_interrupts.o(.text.IRQ091_Handler) referenced from startup_hc32f4a0.o(RESET)
 <LI><a href="#[83]">IRQ092_Handler</a> from hc32_ll_interrupts.o(.text.IRQ092_Handler) referenced from startup_hc32f4a0.o(RESET)
 <LI><a href="#[84]">IRQ093_Handler</a> from hc32_ll_interrupts.o(.text.IRQ093_Handler) referenced from startup_hc32f4a0.o(RESET)
 <LI><a href="#[85]">IRQ094_Handler</a> from hc32_ll_interrupts.o(.text.IRQ094_Handler) referenced from startup_hc32f4a0.o(RESET)
 <LI><a href="#[86]">IRQ095_Handler</a> from hc32_ll_interrupts.o(.text.IRQ095_Handler) referenced from startup_hc32f4a0.o(RESET)
 <LI><a href="#[87]">IRQ096_Handler</a> from hc32_ll_interrupts.o(.text.IRQ096_Handler) referenced from startup_hc32f4a0.o(RESET)
 <LI><a href="#[88]">IRQ097_Handler</a> from hc32_ll_interrupts.o(.text.IRQ097_Handler) referenced from startup_hc32f4a0.o(RESET)
 <LI><a href="#[89]">IRQ098_Handler</a> from hc32_ll_interrupts.o(.text.IRQ098_Handler) referenced from startup_hc32f4a0.o(RESET)
 <LI><a href="#[8a]">IRQ099_Handler</a> from hc32_ll_interrupts.o(.text.IRQ099_Handler) referenced from startup_hc32f4a0.o(RESET)
 <LI><a href="#[8b]">IRQ100_Handler</a> from hc32_ll_interrupts.o(.text.IRQ100_Handler) referenced from startup_hc32f4a0.o(RESET)
 <LI><a href="#[8c]">IRQ101_Handler</a> from hc32_ll_interrupts.o(.text.IRQ101_Handler) referenced from startup_hc32f4a0.o(RESET)
 <LI><a href="#[8d]">IRQ102_Handler</a> from hc32_ll_interrupts.o(.text.IRQ102_Handler) referenced from startup_hc32f4a0.o(RESET)
 <LI><a href="#[8e]">IRQ103_Handler</a> from hc32_ll_interrupts.o(.text.IRQ103_Handler) referenced from startup_hc32f4a0.o(RESET)
 <LI><a href="#[8f]">IRQ104_Handler</a> from hc32_ll_interrupts.o(.text.IRQ104_Handler) referenced from startup_hc32f4a0.o(RESET)
 <LI><a href="#[90]">IRQ105_Handler</a> from hc32_ll_interrupts.o(.text.IRQ105_Handler) referenced from startup_hc32f4a0.o(RESET)
 <LI><a href="#[91]">IRQ106_Handler</a> from hc32_ll_interrupts.o(.text.IRQ106_Handler) referenced from startup_hc32f4a0.o(RESET)
 <LI><a href="#[92]">IRQ107_Handler</a> from hc32_ll_interrupts.o(.text.IRQ107_Handler) referenced from startup_hc32f4a0.o(RESET)
 <LI><a href="#[93]">IRQ108_Handler</a> from hc32_ll_interrupts.o(.text.IRQ108_Handler) referenced from startup_hc32f4a0.o(RESET)
 <LI><a href="#[94]">IRQ109_Handler</a> from hc32_ll_interrupts.o(.text.IRQ109_Handler) referenced from startup_hc32f4a0.o(RESET)
 <LI><a href="#[95]">IRQ110_Handler</a> from hc32_ll_interrupts.o(.text.IRQ110_Handler) referenced from startup_hc32f4a0.o(RESET)
 <LI><a href="#[96]">IRQ111_Handler</a> from hc32_ll_interrupts.o(.text.IRQ111_Handler) referenced from startup_hc32f4a0.o(RESET)
 <LI><a href="#[97]">IRQ112_Handler</a> from hc32_ll_interrupts.o(.text.IRQ112_Handler) referenced from startup_hc32f4a0.o(RESET)
 <LI><a href="#[98]">IRQ113_Handler</a> from hc32_ll_interrupts.o(.text.IRQ113_Handler) referenced from startup_hc32f4a0.o(RESET)
 <LI><a href="#[99]">IRQ114_Handler</a> from hc32_ll_interrupts.o(.text.IRQ114_Handler) referenced from startup_hc32f4a0.o(RESET)
 <LI><a href="#[9a]">IRQ115_Handler</a> from hc32_ll_interrupts.o(.text.IRQ115_Handler) referenced from startup_hc32f4a0.o(RESET)
 <LI><a href="#[9b]">IRQ116_Handler</a> from hc32_ll_interrupts.o(.text.IRQ116_Handler) referenced from startup_hc32f4a0.o(RESET)
 <LI><a href="#[9c]">IRQ117_Handler</a> from hc32_ll_interrupts.o(.text.IRQ117_Handler) referenced from startup_hc32f4a0.o(RESET)
 <LI><a href="#[9d]">IRQ118_Handler</a> from hc32_ll_interrupts.o(.text.IRQ118_Handler) referenced from startup_hc32f4a0.o(RESET)
 <LI><a href="#[9e]">IRQ119_Handler</a> from hc32_ll_interrupts.o(.text.IRQ119_Handler) referenced from startup_hc32f4a0.o(RESET)
 <LI><a href="#[9f]">IRQ120_Handler</a> from hc32_ll_interrupts.o(.text.IRQ120_Handler) referenced from startup_hc32f4a0.o(RESET)
 <LI><a href="#[a0]">IRQ121_Handler</a> from hc32_ll_interrupts.o(.text.IRQ121_Handler) referenced from startup_hc32f4a0.o(RESET)
 <LI><a href="#[a1]">IRQ122_Handler</a> from hc32_ll_interrupts.o(.text.IRQ122_Handler) referenced from startup_hc32f4a0.o(RESET)
 <LI><a href="#[a2]">IRQ123_Handler</a> from hc32_ll_interrupts.o(.text.IRQ123_Handler) referenced from startup_hc32f4a0.o(RESET)
 <LI><a href="#[a3]">IRQ124_Handler</a> from hc32_ll_interrupts.o(.text.IRQ124_Handler) referenced from startup_hc32f4a0.o(RESET)
 <LI><a href="#[a4]">IRQ125_Handler</a> from hc32_ll_interrupts.o(.text.IRQ125_Handler) referenced from startup_hc32f4a0.o(RESET)
 <LI><a href="#[a5]">IRQ126_Handler</a> from hc32_ll_interrupts.o(.text.IRQ126_Handler) referenced from startup_hc32f4a0.o(RESET)
 <LI><a href="#[a6]">IRQ127_Handler</a> from hc32_ll_interrupts.o(.text.IRQ127_Handler) referenced from startup_hc32f4a0.o(RESET)
 <LI><a href="#[a7]">IRQ128_Handler</a> from startup_hc32f4a0.o(.text) referenced from startup_hc32f4a0.o(RESET)
 <LI><a href="#[a8]">IRQ129_Handler</a> from startup_hc32f4a0.o(.text) referenced from startup_hc32f4a0.o(RESET)
 <LI><a href="#[a9]">IRQ130_Handler</a> from startup_hc32f4a0.o(.text) referenced from startup_hc32f4a0.o(RESET)
 <LI><a href="#[aa]">IRQ131_Handler</a> from startup_hc32f4a0.o(.text) referenced from startup_hc32f4a0.o(RESET)
 <LI><a href="#[ab]">IRQ132_Handler</a> from startup_hc32f4a0.o(.text) referenced from startup_hc32f4a0.o(RESET)
 <LI><a href="#[ac]">IRQ133_Handler</a> from startup_hc32f4a0.o(.text) referenced from startup_hc32f4a0.o(RESET)
 <LI><a href="#[ad]">IRQ134_Handler</a> from startup_hc32f4a0.o(.text) referenced from startup_hc32f4a0.o(RESET)
 <LI><a href="#[ae]">IRQ135_Handler</a> from startup_hc32f4a0.o(.text) referenced from startup_hc32f4a0.o(RESET)
 <LI><a href="#[af]">IRQ136_Handler</a> from startup_hc32f4a0.o(.text) referenced from startup_hc32f4a0.o(RESET)
 <LI><a href="#[b0]">IRQ137_Handler</a> from startup_hc32f4a0.o(.text) referenced from startup_hc32f4a0.o(RESET)
 <LI><a href="#[b1]">IRQ138_Handler</a> from startup_hc32f4a0.o(.text) referenced from startup_hc32f4a0.o(RESET)
 <LI><a href="#[b2]">IRQ139_Handler</a> from startup_hc32f4a0.o(.text) referenced from startup_hc32f4a0.o(RESET)
 <LI><a href="#[b3]">IRQ140_Handler</a> from startup_hc32f4a0.o(.text) referenced from startup_hc32f4a0.o(RESET)
 <LI><a href="#[b4]">IRQ141_Handler</a> from startup_hc32f4a0.o(.text) referenced from startup_hc32f4a0.o(RESET)
 <LI><a href="#[b5]">IRQ142_Handler</a> from startup_hc32f4a0.o(.text) referenced from startup_hc32f4a0.o(RESET)
 <LI><a href="#[b6]">IRQ143_Handler</a> from startup_hc32f4a0.o(.text) referenced from startup_hc32f4a0.o(RESET)
 <LI><a href="#[dd]">IsKeyDownClr</a> from key_dir.o(.text.IsKeyDownClr) referenced 2 times from key_dir.o(.text.key_var)
 <LI><a href="#[dc]">IsKeyDownDown</a> from key_dir.o(.text.IsKeyDownDown) referenced 2 times from key_dir.o(.text.key_var)
 <LI><a href="#[da]">IsKeyDownMenu</a> from key_dir.o(.text.IsKeyDownMenu) referenced 2 times from key_dir.o(.text.key_var)
 <LI><a href="#[de]">IsKeyDownOk</a> from key_dir.o(.text.IsKeyDownOk) referenced 2 times from key_dir.o(.text.key_var)
 <LI><a href="#[df]">IsKeyDownRST</a> from key_dir.o(.text.IsKeyDownRST) referenced 2 times from key_dir.o(.text.key_var)
 <LI><a href="#[db]">IsKeyDownUp</a> from key_dir.o(.text.IsKeyDownUp) referenced 2 times from key_dir.o(.text.key_var)
 <LI><a href="#[20]">MemManage_Handler</a> from startup_hc32f4a0.o(.text) referenced from startup_hc32f4a0.o(RESET)
 <LI><a href="#[1e]">NMI_Handler</a> from startup_hc32f4a0.o(.text) referenced from startup_hc32f4a0.o(RESET)
 <LI><a href="#[25]">PendSV_Handler</a> from port.o(.text.PendSV_Handler) referenced from startup_hc32f4a0.o(RESET)
 <LI><a href="#[1d]">Reset_Handler</a> from startup_hc32f4a0.o(.text) referenced from startup_hc32f4a0.o(RESET)
 <LI><a href="#[23]">SVC_Handler</a> from port.o(.text.SVC_Handler) referenced from startup_hc32f4a0.o(RESET)
 <LI><a href="#[26]">SysTick_Handler</a> from port.o(.text.SysTick_Handler) referenced from startup_hc32f4a0.o(RESET)
 <LI><a href="#[b8]">SystemInit</a> from system_hc32f4a0.o(.text.SystemInit) referenced from startup_hc32f4a0.o(.text)
 <LI><a href="#[cc]">USART1_RxError_IrqCallback</a> from camera_dir.o(.text.USART1_RxError_IrqCallback) referenced 2 times from camera_dir.o(.text.camera_rs232_init)
 <LI><a href="#[cd]">USART1_RxFull_IrqCallback</a> from camera_dir.o(.text.USART1_RxFull_IrqCallback) referenced 2 times from camera_dir.o(.text.camera_rs232_init)
 <LI><a href="#[ce]">USART1_RxTimeout_IrqCallback</a> from camera_dir.o(.text.USART1_RxTimeout_IrqCallback) referenced 2 times from camera_dir.o(.text.camera_rs232_init)
 <LI><a href="#[e0]">USART2_RxError_IrqCallback</a> from lock_rs485_handle.o(.text.USART2_RxError_IrqCallback) referenced 2 times from lock_rs485_handle.o(.text.lock_control_thread)
 <LI><a href="#[e1]">USART2_RxFull_IrqCallback</a> from lock_rs485_handle.o(.text.USART2_RxFull_IrqCallback) referenced 2 times from lock_rs485_handle.o(.text.lock_control_thread)
 <LI><a href="#[e2]">USART2_RxTimeout_IrqCallback</a> from lock_rs485_handle.o(.text.USART2_RxTimeout_IrqCallback) referenced 2 times from lock_rs485_handle.o(.text.lock_control_thread)
 <LI><a href="#[d5]">USART3_RxError_IrqCallback</a> from gps_control.o(.text.USART3_RxError_IrqCallback) referenced 2 times from gps_control.o(.text.gps_init)
 <LI><a href="#[d6]">USART3_RxFull_IrqCallback</a> from gps_control.o(.text.USART3_RxFull_IrqCallback) referenced 2 times from gps_control.o(.text.gps_init)
 <LI><a href="#[e5]">USART4_RxError_IrqCallback</a> from monitor_board_handle.o(.text.USART4_RxError_IrqCallback) referenced 2 times from monitor_board_handle.o(.text.modbus_control_thread)
 <LI><a href="#[e6]">USART4_RxFull_IrqCallback</a> from monitor_board_handle.o(.text.USART4_RxFull_IrqCallback) referenced 2 times from monitor_board_handle.o(.text.modbus_control_thread)
 <LI><a href="#[c3]">USART6_RxError_IrqCallback</a> from nb_uart_dir.o(.text.USART6_RxError_IrqCallback) referenced 2 times from nb_uart_dir.o(.text.at_uart_init)
 <LI><a href="#[c4]">USART6_RxFull_IrqCallback</a> from nb_uart_dir.o(.text.USART6_RxFull_IrqCallback) referenced 2 times from nb_uart_dir.o(.text.at_uart_init)
 <LI><a href="#[c5]">USART6_RxTimeout_IrqCallback</a> from nb_uart_dir.o(.text.USART6_RxTimeout_IrqCallback) referenced 2 times from nb_uart_dir.o(.text.at_uart_init)
 <LI><a href="#[c6]">USART7_RxError_IrqCallback</a> from autoeclosing_rs485_handle.o(.text.USART7_RxError_IrqCallback) referenced 2 times from autoeclosing_rs485_handle.o(.text.autoeclosing_control_thread)
 <LI><a href="#[c7]">USART7_RxFull_IrqCallback</a> from autoeclosing_rs485_handle.o(.text.USART7_RxFull_IrqCallback) referenced 2 times from autoeclosing_rs485_handle.o(.text.autoeclosing_control_thread)
 <LI><a href="#[c8]">USART7_RxTimeout_IrqCallback</a> from autoeclosing_rs485_handle.o(.text.USART7_RxTimeout_IrqCallback) referenced 2 times from autoeclosing_rs485_handle.o(.text.autoeclosing_control_thread)
 <LI><a href="#[22]">UsageFault_Handler</a> from startup_hc32f4a0.o(.text) referenced from startup_hc32f4a0.o(RESET)
 <LI><a href="#[f9]">__NVIC_SystemReset</a> from eth_handle.o(.text.__NVIC_SystemReset) referenced 2 times from eth_handle.o(.text.w5500_control_thread)
 <LI><a href="#[b9]">__main</a> from entry.o(.ARM.Collect$$$$00000000) referenced from startup_hc32f4a0.o(.text)
 <LI><a href="#[bb]">_sbackspace</a> from _sgetc.o(.text) referenced 2 times from vsscanf.o(.text)
 <LI><a href="#[bc]">_scanf_char_input</a> from scanf_char.o(.text) referenced from scanf_char.o(.text)
 <LI><a href="#[ba]">_sgetc</a> from _sgetc.o(.text) referenced 2 times from vsscanf.o(.text)
 <LI><a href="#[105]">_snputc</a> from printfa.o(i._snputc) referenced from printfa.o(i.__0snprintf)
 <LI><a href="#[105]">_snputc</a> from printfa.o(i._snputc) referenced from printfa.o(i.__0vsnprintf)
 <LI><a href="#[106]">_sputc</a> from printfa.o(i._sputc) referenced from printfa.o(i.__0sprintf)
 <LI><a href="#[18]">aiot_mqtt_event_handler</a> from aiot_mqtt_api.o(.text.aiot_mqtt_event_handler) referenced 2 times from aiot_module_api.o(.data.g_urc_table)
 <LI><a href="#[17]">aiot_mqtt_recv_handler</a> from aiot_mqtt_api.o(.text.aiot_mqtt_recv_handler) referenced 30 times from aiot_module_api.o(.data.g_urc_table)
 <LI><a href="#[c9]">autoeclosing_control_thread</a> from autoeclosing_rs485_handle.o(.text.autoeclosing_control_thread) referenced 2 times from autoeclosing_rs485_handle.o(.text.autoeclosing_process_init)
 <LI><a href="#[be]">bufchar</a> from mqttpacket.o(.text.bufchar) referenced 2 times from mqttpacket.o(.text.MQTTPacket_decodeBuf)
 <LI><a href="#[cb]">camera_control_thread</a> from camera_handle.o(.text.camera_control_thread) referenced 2 times from camera_handle.o(.text.camera_process_init)
 <LI><a href="#[cf]">camera_tcpc_control_thread</a> from camera_handle.o(.text.camera_tcpc_control_thread) referenced 2 times from camera_handle.o(.text.camera_tcpc_init)
 <LI><a href="#[d0]">circuit_breaker_USART7_RxError_IrqCallback</a> from circuit_breaker_rs485_handle.o(.text.circuit_breaker_USART7_RxError_IrqCallback) referenced 2 times from circuit_breaker_rs485_handle.o(.text.circuit_breaker_control_thread)
 <LI><a href="#[d1]">circuit_breaker_USART7_RxFull_IrqCallback</a> from circuit_breaker_rs485_handle.o(.text.circuit_breaker_USART7_RxFull_IrqCallback) referenced 2 times from circuit_breaker_rs485_handle.o(.text.circuit_breaker_control_thread)
 <LI><a href="#[d2]">circuit_breaker_USART7_RxTimeout_IrqCallback</a> from circuit_breaker_rs485_handle.o(.text.circuit_breaker_USART7_RxTimeout_IrqCallback) referenced 2 times from circuit_breaker_rs485_handle.o(.text.circuit_breaker_control_thread)
 <LI><a href="#[d3]">circuit_breaker_control_thread</a> from circuit_breaker_rs485_handle.o(.text.circuit_breaker_control_thread) referenced 2 times from circuit_breaker_rs485_handle.o(.text.circuit_breaker_process_init)
 <LI><a href="#[c2]">client_parser</a> from aiot_at_client_api.o(.text.client_parser) referenced 2 times from aiot_at_client_api.o(.text.at_client_para_init)
 <LI><a href="#[b]">core_sysdep_free</a> from posix_port.o(.text.core_sysdep_free) referenced 2 times from posix_port.o(.data.g_aiot_sysdep_portfile)
 <LI><a href="#[a]">core_sysdep_malloc</a> from posix_port.o(.text.core_sysdep_malloc) referenced 2 times from posix_port.o(.data.g_aiot_sysdep_portfile)
 <LI><a href="#[12]">core_sysdep_mutex_deinit</a> from posix_port.o(.text.core_sysdep_mutex_deinit) referenced 2 times from posix_port.o(.data.g_aiot_sysdep_portfile)
 <LI><a href="#[f]">core_sysdep_mutex_init</a> from posix_port.o(.text.core_sysdep_mutex_init) referenced 2 times from posix_port.o(.data.g_aiot_sysdep_portfile)
 <LI><a href="#[10]">core_sysdep_mutex_lock</a> from posix_port.o(.text.core_sysdep_mutex_lock) referenced 2 times from posix_port.o(.data.g_aiot_sysdep_portfile)
 <LI><a href="#[11]">core_sysdep_mutex_unlock</a> from posix_port.o(.text.core_sysdep_mutex_unlock) referenced 2 times from posix_port.o(.data.g_aiot_sysdep_portfile)
 <LI><a href="#[16]">core_sysdep_sem_deinit</a> from posix_port.o(.text.core_sysdep_sem_deinit) referenced 2 times from posix_port.o(.data.g_aiot_sysdep_portfile)
 <LI><a href="#[13]">core_sysdep_sem_init</a> from posix_port.o(.text.core_sysdep_sem_init) referenced 2 times from posix_port.o(.data.g_aiot_sysdep_portfile)
 <LI><a href="#[15]">core_sysdep_sem_release</a> from posix_port.o(.text.core_sysdep_sem_release) referenced 2 times from posix_port.o(.data.g_aiot_sysdep_portfile)
 <LI><a href="#[14]">core_sysdep_sem_take</a> from posix_port.o(.text.core_sysdep_sem_take) referenced 2 times from posix_port.o(.data.g_aiot_sysdep_portfile)
 <LI><a href="#[c]">core_sysdep_sleep</a> from posix_port.o(.text.core_sysdep_sleep) referenced 2 times from posix_port.o(.data.g_aiot_sysdep_portfile)
 <LI><a href="#[d]">core_sysdep_thread_create</a> from posix_port.o(.text.core_sysdep_thread_create) referenced 2 times from posix_port.o(.data.g_aiot_sysdep_portfile)
 <LI><a href="#[e]">core_sysdep_thread_destroy</a> from posix_port.o(.text.core_sysdep_thread_destroy) referenced 2 times from posix_port.o(.data.g_aiot_sysdep_portfile)
 <LI><a href="#[8]">core_sysdep_time</a> from posix_port.o(.text.core_sysdep_time) referenced 2 times from posix_port.o(.data.g_aiot_sysdep_portfile)
 <LI><a href="#[9]">core_usart_send</a> from posix_port.o(.text.core_usart_send) referenced 2 times from posix_port.o(.data.g_aiot_sysdep_portfile)
 <LI><a href="#[f7]">dbg_init</a> from sys_stdio.o(.text.dbg_init) referenced 2 times from sys_stdio.o(.text.sys_stdio_init)
 <LI><a href="#[0]">default_mcu_reset</a> from http_server.o(.text.default_mcu_reset) referenced 2 times from http_server.o(.data.HTTPServer_ReStart)
 <LI><a href="#[1]">default_wdt_reset</a> from http_server.o(.text.default_wdt_reset) referenced 2 times from http_server.o(.data.HTTPServer_WDT_Reset)
 <LI><a href="#[ed]">demo_default_recv_handler</a> from nb_iot_mqtt_handle.o(.text.demo_default_recv_handler) referenced 2 times from nb_iot_mqtt_handle.o(.text.nb_mqtt_control_thread)
 <LI><a href="#[ec]">demo_event_handler</a> from nb_iot_mqtt_handle.o(.text.demo_event_handler) referenced 2 times from nb_iot_mqtt_handle.o(.text.nb_mqtt_control_thread)
 <LI><a href="#[eb]">demo_state_logcb</a> from nb_iot_mqtt_handle.o(.text.demo_state_logcb) referenced 2 times from nb_iot_mqtt_handle.o(.text.nb_mqtt_control_thread)
 <LI><a href="#[ee]">demo_topic_recv_handler</a> from nb_iot_mqtt_handle.o(.text.demo_topic_recv_handler) referenced 2 times from nb_iot_mqtt_handle.o(.text.nb_mqtt_control_thread)
 <LI><a href="#[e4]">final_about_to_die</a> from main.o(.text.final_about_to_die) referenced 2 times from main.o(.text.main_start)
 <LI><a href="#[104]">fputc</a> from hc32_ll_utility.o(.text.fputc) referenced from printfa.o(i.__0printf)
 <LI><a href="#[d7]">healthmon_loop</a> from healthmon.o(.text.healthmon_loop) referenced 2 times from healthmon.o(.text.healthmon_start)
 <LI><a href="#[d8]">hwrtc_cb</a> from hwrtc.o(.text.hwrtc_cb) referenced 2 times from hwrtc.o(.text.hwrtc_init)
 <LI><a href="#[bd]">isspace</a> from isspace_o.o(.text) referenced 2 times from scanf_char.o(.text)
 <LI><a href="#[d9]">key_control_thread</a> from key_handle.o(.text.key_control_thread) referenced 2 times from key_handle.o(.text.key_process_init)
 <LI><a href="#[e3]">lock_control_thread</a> from lock_rs485_handle.o(.text.lock_control_thread) referenced 2 times from lock_rs485_handle.o(.text.lock_process_init)
 <LI><a href="#[b7]">main</a> from main.o(.text.main) referenced from entry9a.o(.ARM.Collect$$$$0000000B)
 <LI><a href="#[f1]">main_start</a> from main.o(.text.main_start) referenced 2 times from main.o(.text.os_init)
 <LI><a href="#[e7]">modbus_control_thread</a> from monitor_board_handle.o(.text.modbus_control_thread) referenced 2 times from monitor_board_handle.o(.text.modbus_process_init)
 <LI><a href="#[e9]">mqtt_control_thread</a> from eth_mqtt_handle.o(.text.mqtt_control_thread) referenced 2 times from eth_mqtt_handle.o(.text.mqtt_process_init)
 <LI><a href="#[e8]">mqtt_subscribe_command</a> from eth_mqtt_handle.o(.text.mqtt_subscribe_command) referenced 2 times from eth_mqtt_handle.o(.text.mqtt_control_thread)
 <LI><a href="#[ef]">nb_mqtt_control_thread</a> from nb_iot_mqtt_handle.o(.text.nb_mqtt_control_thread) referenced 2 times from nb_iot_mqtt_handle.o(.text.nb_mqtt_process_init)
 <LI><a href="#[f0]">nb_rx_control_thread</a> from posix_port.o(.text.nb_rx_control_thread) referenced 2 times from posix_port.o(.text.nb_rx_process_init)
 <LI><a href="#[d4]">oled_control_thread</a> from oled_handle.o(.text.oled_control_thread) referenced 2 times from oled_handle.o(.text.display_oled_process_init)
 <LI><a href="#[f8]">prvIdleTask</a> from tasks.o(.text.prvIdleTask) referenced 2 times from tasks.o(.text.vTaskStartScheduler)
 <LI><a href="#[f2]">prvTaskExitError</a> from port.o(.text.prvTaskExitError) referenced 2 times from port.o(.text.pxPortInitialiseStack)
 <LI><a href="#[103]">prvTimerTask</a> from timers.o(.text.prvTimerTask) referenced 2 times from timers.o(.text.xTimerCreateTimerTask)
 <LI><a href="#[1a]">serial_console_flush</a> from console.o(.text.serial_console_flush) referenced 2 times from console.o(.data.serial_console_funcs)
 <LI><a href="#[1b]">serial_console_getchar</a> from console.o(.text.serial_console_getchar) referenced 2 times from console.o(.data.serial_console_funcs)
 <LI><a href="#[19]">serial_console_printf</a> from console.o(.text.serial_console_printf) referenced 2 times from console.o(.data.serial_console_funcs)
 <LI><a href="#[1c]">serial_console_putchar</a> from console.o(.text.serial_console_putchar) referenced 2 times from console.o(.data.serial_console_funcs)
 <LI><a href="#[fb]">w5500_CrisEnter</a> from w5500_dir.o(.text.w5500_CrisEnter) referenced 2 times from w5500_dir.o(.text.w5500_register_function)
 <LI><a href="#[fc]">w5500_CrisExit</a> from w5500_dir.o(.text.w5500_CrisExit) referenced 2 times from w5500_dir.o(.text.w5500_register_function)
 <LI><a href="#[fa]">w5500_control_thread</a> from eth_handle.o(.text.w5500_control_thread) referenced 2 times from eth_handle.o(.text.w5500_process_init)
 <LI><a href="#[fe]">w5500_cs_deselect</a> from w5500_dir.o(.text.w5500_cs_deselect) referenced 2 times from w5500_dir.o(.text.w5500_register_function)
 <LI><a href="#[fd]">w5500_cs_select</a> from w5500_dir.o(.text.w5500_cs_select) referenced 2 times from w5500_dir.o(.text.w5500_register_function)
 <LI><a href="#[101]">w5500_read_buff</a> from w5500_dir.o(.text.w5500_read_buff) referenced 2 times from w5500_dir.o(.text.w5500_register_function)
 <LI><a href="#[ff]">w5500_read_byte</a> from w5500_dir.o(.text.w5500_read_byte) referenced 2 times from w5500_dir.o(.text.w5500_register_function)
 <LI><a href="#[102]">w5500_write_buff</a> from w5500_dir.o(.text.w5500_write_buff) referenced 2 times from w5500_dir.o(.text.w5500_register_function)
 <LI><a href="#[100]">w5500_write_byte</a> from w5500_dir.o(.text.w5500_write_byte) referenced 2 times from w5500_dir.o(.text.w5500_register_function)
 <LI><a href="#[6]">wizchip_bus_readdata</a> from wizchip_conf.o(.text.wizchip_bus_readdata) referenced 2 times from wizchip_conf.o(.data.WIZCHIP)
 <LI><a href="#[7]">wizchip_bus_writedata</a> from wizchip_conf.o(.text.wizchip_bus_writedata) referenced 2 times from wizchip_conf.o(.data.WIZCHIP)
 <LI><a href="#[2]">wizchip_cris_enter</a> from wizchip_conf.o(.text.wizchip_cris_enter) referenced 2 times from wizchip_conf.o(.data.WIZCHIP)
 <LI><a href="#[2]">wizchip_cris_enter</a> from wizchip_conf.o(.text.wizchip_cris_enter) referenced 2 times from wizchip_conf.o(.text.reg_wizchip_cris_cbfunc)
 <LI><a href="#[3]">wizchip_cris_exit</a> from wizchip_conf.o(.text.wizchip_cris_exit) referenced 2 times from wizchip_conf.o(.data.WIZCHIP)
 <LI><a href="#[3]">wizchip_cris_exit</a> from wizchip_conf.o(.text.wizchip_cris_exit) referenced 2 times from wizchip_conf.o(.text.reg_wizchip_cris_cbfunc)
 <LI><a href="#[5]">wizchip_cs_deselect</a> from wizchip_conf.o(.text.wizchip_cs_deselect) referenced 2 times from wizchip_conf.o(.data.WIZCHIP)
 <LI><a href="#[5]">wizchip_cs_deselect</a> from wizchip_conf.o(.text.wizchip_cs_deselect) referenced 2 times from wizchip_conf.o(.text.reg_wizchip_cs_cbfunc)
 <LI><a href="#[4]">wizchip_cs_select</a> from wizchip_conf.o(.text.wizchip_cs_select) referenced 2 times from wizchip_conf.o(.data.WIZCHIP)
 <LI><a href="#[4]">wizchip_cs_select</a> from wizchip_conf.o(.text.wizchip_cs_select) referenced 2 times from wizchip_conf.o(.text.reg_wizchip_cs_cbfunc)
 <LI><a href="#[f5]">wizchip_spi_readburst</a> from wizchip_conf.o(.text.wizchip_spi_readburst) referenced 2 times from wizchip_conf.o(.text.reg_wizchip_spiburst_cbfunc)
 <LI><a href="#[f3]">wizchip_spi_readbyte</a> from wizchip_conf.o(.text.wizchip_spi_readbyte) referenced 2 times from wizchip_conf.o(.text.reg_wizchip_spi_cbfunc)
 <LI><a href="#[f6]">wizchip_spi_writeburst</a> from wizchip_conf.o(.text.wizchip_spi_writeburst) referenced 2 times from wizchip_conf.o(.text.reg_wizchip_spiburst_cbfunc)
 <LI><a href="#[f4]">wizchip_spi_writebyte</a> from wizchip_conf.o(.text.wizchip_spi_writebyte) referenced 2 times from wizchip_conf.o(.text.reg_wizchip_spi_cbfunc)
 <LI><a href="#[ea]">yield_task</a> from eth_mqtt_handle.o(.text.yield_task) referenced 2 times from eth_mqtt_handle.o(.text.mqtt_process_init)
</UL>
<P>
<H3>
Global Symbols
</H3>
<P><STRONG><a name="[b9]"></a>__main</STRONG> (Thumb, 0 bytes, Stack size unknown bytes, entry.o(.ARM.Collect$$$$00000000))
<BR>[Address Reference Count : 1]<UL><LI> startup_hc32f4a0.o(.text)
</UL>
<P><STRONG><a name="[509]"></a>_main_stk</STRONG> (Thumb, 0 bytes, Stack size unknown bytes, entry2.o(.ARM.Collect$$$$00000001))

<P><STRONG><a name="[113]"></a>_main_scatterload</STRONG> (Thumb, 0 bytes, Stack size unknown bytes, entry5.o(.ARM.Collect$$$$00000004))
<BR><BR>[Calls]<UL><LI><a href="#[114]">&gt;&gt;</a>&nbsp;&nbsp;&nbsp;__scatterload
</UL>

<P><STRONG><a name="[141]"></a>__main_after_scatterload</STRONG> (Thumb, 0 bytes, Stack size unknown bytes, entry5.o(.ARM.Collect$$$$00000004))
<BR><BR>[Called By]<UL><LI><a href="#[114]">&gt;&gt;</a>&nbsp;&nbsp;&nbsp;__scatterload
</UL>

<P><STRONG><a name="[50a]"></a>_main_clock</STRONG> (Thumb, 0 bytes, Stack size unknown bytes, entry7b.o(.ARM.Collect$$$$00000008))

<P><STRONG><a name="[50b]"></a>_main_cpp_init</STRONG> (Thumb, 0 bytes, Stack size unknown bytes, entry8b.o(.ARM.Collect$$$$0000000A))

<P><STRONG><a name="[50c]"></a>_main_init</STRONG> (Thumb, 0 bytes, Stack size unknown bytes, entry9a.o(.ARM.Collect$$$$0000000B))

<P><STRONG><a name="[50d]"></a>__rt_final_cpp</STRONG> (Thumb, 0 bytes, Stack size unknown bytes, entry10a.o(.ARM.Collect$$$$0000000D))

<P><STRONG><a name="[50e]"></a>__rt_final_exit</STRONG> (Thumb, 0 bytes, Stack size unknown bytes, entry11a.o(.ARM.Collect$$$$0000000F))

<P><STRONG><a name="[1d]"></a>Reset_Handler</STRONG> (Thumb, 8 bytes, Stack size 0 bytes, startup_hc32f4a0.o(.text))
<BR>[Address Reference Count : 1]<UL><LI> startup_hc32f4a0.o(RESET)
</UL>
<P><STRONG><a name="[1e]"></a>NMI_Handler</STRONG> (Thumb, 2 bytes, Stack size 0 bytes, startup_hc32f4a0.o(.text))
<BR><BR>[Calls]<UL><LI><a href="#[1e]">&gt;&gt;</a>&nbsp;&nbsp;&nbsp;NMI_Handler
</UL>
<BR>[Called By]<UL><LI><a href="#[1e]">&gt;&gt;</a>&nbsp;&nbsp;&nbsp;NMI_Handler
</UL>
<BR>[Address Reference Count : 1]<UL><LI> startup_hc32f4a0.o(RESET)
</UL>
<P><STRONG><a name="[1f]"></a>HardFault_Handler</STRONG> (Thumb, 2 bytes, Stack size 0 bytes, startup_hc32f4a0.o(.text))
<BR><BR>[Calls]<UL><LI><a href="#[1f]">&gt;&gt;</a>&nbsp;&nbsp;&nbsp;HardFault_Handler
</UL>
<BR>[Called By]<UL><LI><a href="#[1f]">&gt;&gt;</a>&nbsp;&nbsp;&nbsp;HardFault_Handler
</UL>
<BR>[Address Reference Count : 1]<UL><LI> startup_hc32f4a0.o(RESET)
</UL>
<P><STRONG><a name="[20]"></a>MemManage_Handler</STRONG> (Thumb, 2 bytes, Stack size 0 bytes, startup_hc32f4a0.o(.text))
<BR><BR>[Calls]<UL><LI><a href="#[20]">&gt;&gt;</a>&nbsp;&nbsp;&nbsp;MemManage_Handler
</UL>
<BR>[Called By]<UL><LI><a href="#[20]">&gt;&gt;</a>&nbsp;&nbsp;&nbsp;MemManage_Handler
</UL>
<BR>[Address Reference Count : 1]<UL><LI> startup_hc32f4a0.o(RESET)
</UL>
<P><STRONG><a name="[21]"></a>BusFault_Handler</STRONG> (Thumb, 2 bytes, Stack size 0 bytes, startup_hc32f4a0.o(.text))
<BR><BR>[Calls]<UL><LI><a href="#[21]">&gt;&gt;</a>&nbsp;&nbsp;&nbsp;BusFault_Handler
</UL>
<BR>[Called By]<UL><LI><a href="#[21]">&gt;&gt;</a>&nbsp;&nbsp;&nbsp;BusFault_Handler
</UL>
<BR>[Address Reference Count : 1]<UL><LI> startup_hc32f4a0.o(RESET)
</UL>
<P><STRONG><a name="[22]"></a>UsageFault_Handler</STRONG> (Thumb, 2 bytes, Stack size 0 bytes, startup_hc32f4a0.o(.text))
<BR><BR>[Calls]<UL><LI><a href="#[22]">&gt;&gt;</a>&nbsp;&nbsp;&nbsp;UsageFault_Handler
</UL>
<BR>[Called By]<UL><LI><a href="#[22]">&gt;&gt;</a>&nbsp;&nbsp;&nbsp;UsageFault_Handler
</UL>
<BR>[Address Reference Count : 1]<UL><LI> startup_hc32f4a0.o(RESET)
</UL>
<P><STRONG><a name="[24]"></a>DebugMon_Handler</STRONG> (Thumb, 2 bytes, Stack size 0 bytes, startup_hc32f4a0.o(.text))
<BR><BR>[Calls]<UL><LI><a href="#[24]">&gt;&gt;</a>&nbsp;&nbsp;&nbsp;DebugMon_Handler
</UL>
<BR>[Called By]<UL><LI><a href="#[24]">&gt;&gt;</a>&nbsp;&nbsp;&nbsp;DebugMon_Handler
</UL>
<BR>[Address Reference Count : 1]<UL><LI> startup_hc32f4a0.o(RESET)
</UL>
<P><STRONG><a name="[a7]"></a>IRQ128_Handler</STRONG> (Thumb, 0 bytes, Stack size 0 bytes, startup_hc32f4a0.o(.text))
<BR><BR>[Calls]<UL><LI><a href="#[a7]">&gt;&gt;</a>&nbsp;&nbsp;&nbsp;IRQ128_Handler
</UL>
<BR>[Called By]<UL><LI><a href="#[a7]">&gt;&gt;</a>&nbsp;&nbsp;&nbsp;IRQ128_Handler
</UL>
<BR>[Address Reference Count : 1]<UL><LI> startup_hc32f4a0.o(RESET)
</UL>
<P><STRONG><a name="[a8]"></a>IRQ129_Handler</STRONG> (Thumb, 0 bytes, Stack size 0 bytes, startup_hc32f4a0.o(.text))
<BR>[Address Reference Count : 1]<UL><LI> startup_hc32f4a0.o(RESET)
</UL>
<P><STRONG><a name="[a9]"></a>IRQ130_Handler</STRONG> (Thumb, 0 bytes, Stack size 0 bytes, startup_hc32f4a0.o(.text))
<BR>[Address Reference Count : 1]<UL><LI> startup_hc32f4a0.o(RESET)
</UL>
<P><STRONG><a name="[aa]"></a>IRQ131_Handler</STRONG> (Thumb, 0 bytes, Stack size 0 bytes, startup_hc32f4a0.o(.text))
<BR>[Address Reference Count : 1]<UL><LI> startup_hc32f4a0.o(RESET)
</UL>
<P><STRONG><a name="[ab]"></a>IRQ132_Handler</STRONG> (Thumb, 0 bytes, Stack size 0 bytes, startup_hc32f4a0.o(.text))
<BR>[Address Reference Count : 1]<UL><LI> startup_hc32f4a0.o(RESET)
</UL>
<P><STRONG><a name="[ac]"></a>IRQ133_Handler</STRONG> (Thumb, 0 bytes, Stack size 0 bytes, startup_hc32f4a0.o(.text))
<BR>[Address Reference Count : 1]<UL><LI> startup_hc32f4a0.o(RESET)
</UL>
<P><STRONG><a name="[ad]"></a>IRQ134_Handler</STRONG> (Thumb, 0 bytes, Stack size 0 bytes, startup_hc32f4a0.o(.text))
<BR>[Address Reference Count : 1]<UL><LI> startup_hc32f4a0.o(RESET)
</UL>
<P><STRONG><a name="[ae]"></a>IRQ135_Handler</STRONG> (Thumb, 0 bytes, Stack size 0 bytes, startup_hc32f4a0.o(.text))
<BR>[Address Reference Count : 1]<UL><LI> startup_hc32f4a0.o(RESET)
</UL>
<P><STRONG><a name="[af]"></a>IRQ136_Handler</STRONG> (Thumb, 0 bytes, Stack size 0 bytes, startup_hc32f4a0.o(.text))
<BR>[Address Reference Count : 1]<UL><LI> startup_hc32f4a0.o(RESET)
</UL>
<P><STRONG><a name="[b0]"></a>IRQ137_Handler</STRONG> (Thumb, 0 bytes, Stack size 0 bytes, startup_hc32f4a0.o(.text))
<BR>[Address Reference Count : 1]<UL><LI> startup_hc32f4a0.o(RESET)
</UL>
<P><STRONG><a name="[b1]"></a>IRQ138_Handler</STRONG> (Thumb, 0 bytes, Stack size 0 bytes, startup_hc32f4a0.o(.text))
<BR>[Address Reference Count : 1]<UL><LI> startup_hc32f4a0.o(RESET)
</UL>
<P><STRONG><a name="[b2]"></a>IRQ139_Handler</STRONG> (Thumb, 0 bytes, Stack size 0 bytes, startup_hc32f4a0.o(.text))
<BR>[Address Reference Count : 1]<UL><LI> startup_hc32f4a0.o(RESET)
</UL>
<P><STRONG><a name="[b3]"></a>IRQ140_Handler</STRONG> (Thumb, 0 bytes, Stack size 0 bytes, startup_hc32f4a0.o(.text))
<BR>[Address Reference Count : 1]<UL><LI> startup_hc32f4a0.o(RESET)
</UL>
<P><STRONG><a name="[b4]"></a>IRQ141_Handler</STRONG> (Thumb, 0 bytes, Stack size 0 bytes, startup_hc32f4a0.o(.text))
<BR>[Address Reference Count : 1]<UL><LI> startup_hc32f4a0.o(RESET)
</UL>
<P><STRONG><a name="[b5]"></a>IRQ142_Handler</STRONG> (Thumb, 0 bytes, Stack size 0 bytes, startup_hc32f4a0.o(.text))
<BR>[Address Reference Count : 1]<UL><LI> startup_hc32f4a0.o(RESET)
</UL>
<P><STRONG><a name="[b6]"></a>IRQ143_Handler</STRONG> (Thumb, 0 bytes, Stack size 0 bytes, startup_hc32f4a0.o(.text))
<BR>[Address Reference Count : 1]<UL><LI> startup_hc32f4a0.o(RESET)
</UL>
<P><STRONG><a name="[115]"></a>__aeabi_uldivmod</STRONG> (Thumb, 98 bytes, Stack size 40 bytes, uldiv.o(.text))
<BR><BR>[Stack]<UL><LI>Max Depth = 40<LI>Call Chain = __aeabi_uldivmod
</UL>
<BR>[Calls]<UL><LI><a href="#[116]">&gt;&gt;</a>&nbsp;&nbsp;&nbsp;__aeabi_llsr
<LI><a href="#[117]">&gt;&gt;</a>&nbsp;&nbsp;&nbsp;__aeabi_llsl
</UL>
<BR>[Called By]<UL><LI><a href="#[156]">&gt;&gt;</a>&nbsp;&nbsp;&nbsp;ClockSync_CalculateDivFraction
<LI><a href="#[1e3]">&gt;&gt;</a>&nbsp;&nbsp;&nbsp;SmartCard_CalculateDivFraction
<LI><a href="#[1ec]">&gt;&gt;</a>&nbsp;&nbsp;&nbsp;UART_CalculateDivFraction
<LI><a href="#[4fe]">&gt;&gt;</a>&nbsp;&nbsp;&nbsp;_printf_core
<LI><a href="#[504]">&gt;&gt;</a>&nbsp;&nbsp;&nbsp;_fp_digits
</UL>

<P><STRONG><a name="[118]"></a>__rt_ctype_table</STRONG> (Thumb, 4 bytes, Stack size 0 bytes, ctype_o.o(.text))
<BR><BR>[Called By]<UL><LI><a href="#[265]">&gt;&gt;</a>&nbsp;&nbsp;&nbsp;at_sscanf
<LI><a href="#[125]">&gt;&gt;</a>&nbsp;&nbsp;&nbsp;__strtoull
<LI><a href="#[11d]">&gt;&gt;</a>&nbsp;&nbsp;&nbsp;__strtoll
<LI><a href="#[123]">&gt;&gt;</a>&nbsp;&nbsp;&nbsp;strtoul
<LI><a href="#[120]">&gt;&gt;</a>&nbsp;&nbsp;&nbsp;strtol
<LI><a href="#[bd]">&gt;&gt;</a>&nbsp;&nbsp;&nbsp;isspace
</UL>

<P><STRONG><a name="[bd]"></a>isspace</STRONG> (Thumb, 18 bytes, Stack size 8 bytes, isspace_o.o(.text))
<BR><BR>[Stack]<UL><LI>Max Depth = 8<LI>Call Chain = isspace
</UL>
<BR>[Calls]<UL><LI><a href="#[118]">&gt;&gt;</a>&nbsp;&nbsp;&nbsp;__rt_ctype_table
</UL>
<BR>[Address Reference Count : 2]<UL><LI> scanf_char.o(.text)
<LI> strtod.o(.text)
</UL>
<P><STRONG><a name="[50f]"></a>___aeabi_memcpy8$move</STRONG> (Thumb, 0 bytes, Stack size 8 bytes, memmovea.o(.text), UNUSED)

<P><STRONG><a name="[1ae]"></a>__aeabi_memcpy</STRONG> (Thumb, 64 bytes, Stack size 8 bytes, memmovea.o(.text))
<BR><BR>[Stack]<UL><LI>Max Depth = 8<LI>Call Chain = __aeabi_memcpy
</UL>
<BR>[Called By]<UL><LI><a href="#[d4]">&gt;&gt;</a>&nbsp;&nbsp;&nbsp;oled_control_thread
<LI><a href="#[e7]">&gt;&gt;</a>&nbsp;&nbsp;&nbsp;modbus_control_thread
<LI><a href="#[2bc]">&gt;&gt;</a>&nbsp;&nbsp;&nbsp;set_lock_tcp_rev_data
<LI><a href="#[d6]">&gt;&gt;</a>&nbsp;&nbsp;&nbsp;USART3_RxFull_IrqCallback
<LI><a href="#[4da]">&gt;&gt;</a>&nbsp;&nbsp;&nbsp;utils_md5_update
<LI><a href="#[305]">&gt;&gt;</a>&nbsp;&nbsp;&nbsp;data_init
<LI><a href="#[1a1]">&gt;&gt;</a>&nbsp;&nbsp;&nbsp;MQTTSerialize_publish
<LI><a href="#[1e1]">&gt;&gt;</a>&nbsp;&nbsp;&nbsp;SetSerailNumber
<LI><a href="#[455]">&gt;&gt;</a>&nbsp;&nbsp;&nbsp;prvCopyDataFromQueue
<LI><a href="#[456]">&gt;&gt;</a>&nbsp;&nbsp;&nbsp;prvCopyDataToQueue
<LI><a href="#[250]">&gt;&gt;</a>&nbsp;&nbsp;&nbsp;at_buf_read
<LI><a href="#[1f4]">&gt;&gt;</a>&nbsp;&nbsp;&nbsp;at_buf_write
<LI><a href="#[2a4]">&gt;&gt;</a>&nbsp;&nbsp;&nbsp;camera_buf_read
<LI><a href="#[1f0]">&gt;&gt;</a>&nbsp;&nbsp;&nbsp;camera_buf_write
<LI><a href="#[470]">&gt;&gt;</a>&nbsp;&nbsp;&nbsp;psm_calc_name_hash
<LI><a href="#[48c]">&gt;&gt;</a>&nbsp;&nbsp;&nbsp;psm_write_flash_same_device_rw
<LI><a href="#[21c]">&gt;&gt;</a>&nbsp;&nbsp;&nbsp;_psm_object_read
<LI><a href="#[205]">&gt;&gt;</a>&nbsp;&nbsp;&nbsp;_core_mqtt_sublist_insert
<LI><a href="#[228]">&gt;&gt;</a>&nbsp;&nbsp;&nbsp;core_ringbuf_write
<LI><a href="#[238]">&gt;&gt;</a>&nbsp;&nbsp;&nbsp;at_create_resp
<LI><a href="#[c2]">&gt;&gt;</a>&nbsp;&nbsp;&nbsp;client_parser
<LI><a href="#[1a9]">&gt;&gt;</a>&nbsp;&nbsp;&nbsp;writeMQTTString
<LI><a href="#[1a8]">&gt;&gt;</a>&nbsp;&nbsp;&nbsp;writeCString
<LI><a href="#[44a]">&gt;&gt;</a>&nbsp;&nbsp;&nbsp;set_info
<LI><a href="#[448]">&gt;&gt;</a>&nbsp;&nbsp;&nbsp;set_mqttinfo
<LI><a href="#[384]">&gt;&gt;</a>&nbsp;&nbsp;&nbsp;send_http_response_header
</UL>

<P><STRONG><a name="[189]"></a>__aeabi_memcpy4</STRONG> (Thumb, 0 bytes, Stack size 8 bytes, memmovea.o(.text))
<BR><BR>[Stack]<UL><LI>Max Depth = 8<LI>Call Chain = __aeabi_memcpy4
</UL>
<BR>[Called By]<UL><LI><a href="#[188]">&gt;&gt;</a>&nbsp;&nbsp;&nbsp;MQTTConnectWithResults
<LI><a href="#[210]">&gt;&gt;</a>&nbsp;&nbsp;&nbsp;psm_add_to_index
</UL>

<P><STRONG><a name="[3a8]"></a>__aeabi_memmove</STRONG> (Thumb, 0 bytes, Stack size 8 bytes, memmovea.o(.text))
<BR><BR>[Stack]<UL><LI>Max Depth = 8<LI>Call Chain = __aeabi_memmove
</UL>
<BR>[Called By]<UL><LI><a href="#[3a6]">&gt;&gt;</a>&nbsp;&nbsp;&nbsp;json_set_object_value
</UL>

<P><STRONG><a name="[484]"></a>__aeabi_memmove4</STRONG> (Thumb, 0 bytes, Stack size 8 bytes, memmovea.o(.text))
<BR><BR>[Stack]<UL><LI>Max Depth = 8<LI>Call Chain = __aeabi_memmove4
</UL>
<BR>[Called By]<UL><LI><a href="#[21b]">&gt;&gt;</a>&nbsp;&nbsp;&nbsp;psm_remove_index_entry
</UL>

<P><STRONG><a name="[510]"></a>__aeabi_memmove8</STRONG> (Thumb, 0 bytes, Stack size 8 bytes, memmovea.o(.text), UNUSED)

<P><STRONG><a name="[11a]"></a>__aeabi_memset</STRONG> (Thumb, 14 bytes, Stack size 0 bytes, memseta.o(.text))
<BR><BR>[Called By]<UL><LI><a href="#[11b]">&gt;&gt;</a>&nbsp;&nbsp;&nbsp;_memset$wrapper
<LI><a href="#[119]">&gt;&gt;</a>&nbsp;&nbsp;&nbsp;__aeabi_memclr
</UL>

<P><STRONG><a name="[45c]"></a>__aeabi_memset4</STRONG> (Thumb, 0 bytes, Stack size 0 bytes, memseta.o(.text))
<BR><BR>[Called By]<UL><LI><a href="#[45b]">&gt;&gt;</a>&nbsp;&nbsp;&nbsp;prvInitialiseNewTask
</UL>

<P><STRONG><a name="[511]"></a>__aeabi_memset8</STRONG> (Thumb, 0 bytes, Stack size 0 bytes, memseta.o(.text), UNUSED)

<P><STRONG><a name="[119]"></a>__aeabi_memclr</STRONG> (Thumb, 4 bytes, Stack size 0 bytes, memseta.o(.text))
<BR><BR>[Calls]<UL><LI><a href="#[11a]">&gt;&gt;</a>&nbsp;&nbsp;&nbsp;__aeabi_memset
</UL>
<BR>[Called By]<UL><LI><a href="#[281]">&gt;&gt;</a>&nbsp;&nbsp;&nbsp;send_closing_on_off_handle
<LI><a href="#[27f]">&gt;&gt;</a>&nbsp;&nbsp;&nbsp;read_do_handle
<LI><a href="#[27b]">&gt;&gt;</a>&nbsp;&nbsp;&nbsp;read_register_handle
<LI><a href="#[278]">&gt;&gt;</a>&nbsp;&nbsp;&nbsp;atgm336h_data_init
<LI><a href="#[d6]">&gt;&gt;</a>&nbsp;&nbsp;&nbsp;USART3_RxFull_IrqCallback
<LI><a href="#[4d5]">&gt;&gt;</a>&nbsp;&nbsp;&nbsp;utils_md5_finish
<LI><a href="#[428]">&gt;&gt;</a>&nbsp;&nbsp;&nbsp;os_mem_calloc
<LI><a href="#[423]">&gt;&gt;</a>&nbsp;&nbsp;&nbsp;xTaskCreate
<LI><a href="#[d3]">&gt;&gt;</a>&nbsp;&nbsp;&nbsp;circuit_breaker_control_thread
<LI><a href="#[2c3]">&gt;&gt;</a>&nbsp;&nbsp;&nbsp;read_input_register_handle
<LI><a href="#[2c7]">&gt;&gt;</a>&nbsp;&nbsp;&nbsp;read_discrete_handle
<LI><a href="#[2cb]">&gt;&gt;</a>&nbsp;&nbsp;&nbsp;write_hold_handle
<LI><a href="#[2c5]">&gt;&gt;</a>&nbsp;&nbsp;&nbsp;read_hold_handle
<LI><a href="#[2c9]">&gt;&gt;</a>&nbsp;&nbsp;&nbsp;read_coil_handle
<LI><a href="#[3ab]">&gt;&gt;</a>&nbsp;&nbsp;&nbsp;json_str_init
<LI><a href="#[3f7]">&gt;&gt;</a>&nbsp;&nbsp;&nbsp;parse_str
<LI><a href="#[e8]">&gt;&gt;</a>&nbsp;&nbsp;&nbsp;mqtt_subscribe_command
<LI><a href="#[407]">&gt;&gt;</a>&nbsp;&nbsp;&nbsp;oled_clear
<LI><a href="#[429]">&gt;&gt;</a>&nbsp;&nbsp;&nbsp;os_mem_calloc
<LI><a href="#[205]">&gt;&gt;</a>&nbsp;&nbsp;&nbsp;_core_mqtt_sublist_insert
<LI><a href="#[258]">&gt;&gt;</a>&nbsp;&nbsp;&nbsp;core_ringbuf_init
<LI><a href="#[235]">&gt;&gt;</a>&nbsp;&nbsp;&nbsp;at_obj_exec_cmd
<LI><a href="#[238]">&gt;&gt;</a>&nbsp;&nbsp;&nbsp;at_create_resp
<LI><a href="#[263]">&gt;&gt;</a>&nbsp;&nbsp;&nbsp;at_recv_readline
<LI><a href="#[44a]">&gt;&gt;</a>&nbsp;&nbsp;&nbsp;set_info
<LI><a href="#[448]">&gt;&gt;</a>&nbsp;&nbsp;&nbsp;set_mqttinfo
<LI><a href="#[37c]">&gt;&gt;</a>&nbsp;&nbsp;&nbsp;send_http_response_body
<LI><a href="#[37b]">&gt;&gt;</a>&nbsp;&nbsp;&nbsp;http_process_handler
<LI><a href="#[3a1]">&gt;&gt;</a>&nbsp;&nbsp;&nbsp;os_mem_calloc
<LI><a href="#[f0]">&gt;&gt;</a>&nbsp;&nbsp;&nbsp;nb_rx_control_thread
</UL>

<P><STRONG><a name="[215]"></a>__aeabi_memclr4</STRONG> (Thumb, 0 bytes, Stack size 0 bytes, memseta.o(.text))
<BR><BR>[Called By]<UL><LI><a href="#[236]">&gt;&gt;</a>&nbsp;&nbsp;&nbsp;aiot_mqtt_connect
<LI><a href="#[4d5]">&gt;&gt;</a>&nbsp;&nbsp;&nbsp;utils_md5_finish
<LI><a href="#[4d9]">&gt;&gt;</a>&nbsp;&nbsp;&nbsp;utils_md5_init
<LI><a href="#[473]">&gt;&gt;</a>&nbsp;&nbsp;&nbsp;psm_module_init
<LI><a href="#[29c]">&gt;&gt;</a>&nbsp;&nbsp;&nbsp;camera_app
<LI><a href="#[362]">&gt;&gt;</a>&nbsp;&nbsp;&nbsp;hc32_rtc_get_time_stamp
<LI><a href="#[210]">&gt;&gt;</a>&nbsp;&nbsp;&nbsp;psm_add_to_index
<LI><a href="#[218]">&gt;&gt;</a>&nbsp;&nbsp;&nbsp;psm_init_new_object
<LI><a href="#[211]">&gt;&gt;</a>&nbsp;&nbsp;&nbsp;_psm_object_open
</UL>

<P><STRONG><a name="[2c1]"></a>__aeabi_memclr8</STRONG> (Thumb, 0 bytes, Stack size 0 bytes, memseta.o(.text))
<BR><BR>[Called By]<UL><LI><a href="#[d3]">&gt;&gt;</a>&nbsp;&nbsp;&nbsp;circuit_breaker_control_thread
</UL>

<P><STRONG><a name="[11b]"></a>_memset$wrapper</STRONG> (Thumb, 18 bytes, Stack size 8 bytes, memseta.o(.text), UNUSED)
<BR><BR>[Calls]<UL><LI><a href="#[11a]">&gt;&gt;</a>&nbsp;&nbsp;&nbsp;__aeabi_memset
</UL>

<P><STRONG><a name="[3dd]"></a>strcat</STRONG> (Thumb, 24 bytes, Stack size 0 bytes, strcat.o(.text))
<BR><BR>[Called By]<UL><LI><a href="#[3dc]">&gt;&gt;</a>&nbsp;&nbsp;&nbsp;make_http_response_head
</UL>

<P><STRONG><a name="[241]"></a>strstr</STRONG> (Thumb, 36 bytes, Stack size 12 bytes, strstr.o(.text))
<BR><BR>[Stack]<UL><LI>Max Depth = 12<LI>Call Chain = strstr
</UL>
<BR>[Called By]<UL><LI><a href="#[17]">&gt;&gt;</a>&nbsp;&nbsp;&nbsp;aiot_mqtt_recv_handler
<LI><a href="#[267]">&gt;&gt;</a>&nbsp;&nbsp;&nbsp;at_resp_get_line_by_kw
<LI><a href="#[c2]">&gt;&gt;</a>&nbsp;&nbsp;&nbsp;client_parser
<LI><a href="#[447]">&gt;&gt;</a>&nbsp;&nbsp;&nbsp;set_netinfo
<LI><a href="#[347]">&gt;&gt;</a>&nbsp;&nbsp;&nbsp;mid
<LI><a href="#[346]">&gt;&gt;</a>&nbsp;&nbsp;&nbsp;get_http_param_value
<LI><a href="#[334]">&gt;&gt;</a>&nbsp;&nbsp;&nbsp;find_http_uri_type
</UL>

<P><STRONG><a name="[344]"></a>strncpy</STRONG> (Thumb, 24 bytes, Stack size 8 bytes, strncpy.o(.text))
<BR><BR>[Stack]<UL><LI>Max Depth = 8<LI>Call Chain = strncpy
</UL>
<BR>[Called By]<UL><LI><a href="#[34c]">&gt;&gt;</a>&nbsp;&nbsp;&nbsp;get_int_number
<LI><a href="#[343]">&gt;&gt;</a>&nbsp;&nbsp;&nbsp;get_double_number
<LI><a href="#[4ab]">&gt;&gt;</a>&nbsp;&nbsp;&nbsp;read_userReg_webContent
<LI><a href="#[347]">&gt;&gt;</a>&nbsp;&nbsp;&nbsp;mid
<LI><a href="#[346]">&gt;&gt;</a>&nbsp;&nbsp;&nbsp;get_http_param_value
<LI><a href="#[398]">&gt;&gt;</a>&nbsp;&nbsp;&nbsp;json_str_to_str
</UL>

<P><STRONG><a name="[172]"></a>strlen</STRONG> (Thumb, 14 bytes, Stack size 0 bytes, strlen.o(.text))
<BR><BR>[Called By]<UL><LI><a href="#[2b5]">&gt;&gt;</a>&nbsp;&nbsp;&nbsp;camera_tcpc
<LI><a href="#[d4]">&gt;&gt;</a>&nbsp;&nbsp;&nbsp;oled_control_thread
<LI><a href="#[ef]">&gt;&gt;</a>&nbsp;&nbsp;&nbsp;nb_mqtt_control_thread
<LI><a href="#[171]">&gt;&gt;</a>&nbsp;&nbsp;&nbsp;GetComma
<LI><a href="#[34d]">&gt;&gt;</a>&nbsp;&nbsp;&nbsp;get_mac
<LI><a href="#[2d8]">&gt;&gt;</a>&nbsp;&nbsp;&nbsp;write_device_name_conf
<LI><a href="#[48a]">&gt;&gt;</a>&nbsp;&nbsp;&nbsp;psm_set_variable_str
<LI><a href="#[3a6]">&gt;&gt;</a>&nbsp;&nbsp;&nbsp;json_set_object_value
<LI><a href="#[3a3]">&gt;&gt;</a>&nbsp;&nbsp;&nbsp;json_push_object
<LI><a href="#[4bc]">&gt;&gt;</a>&nbsp;&nbsp;&nbsp;send_message_to_cloud
<LI><a href="#[19d]">&gt;&gt;</a>&nbsp;&nbsp;&nbsp;MQTTPacket_equals
<LI><a href="#[10d]">&gt;&gt;</a>&nbsp;&nbsp;&nbsp;healthmon_register_handler
<LI><a href="#[19]">&gt;&gt;</a>&nbsp;&nbsp;&nbsp;serial_console_printf
<LI><a href="#[205]">&gt;&gt;</a>&nbsp;&nbsp;&nbsp;_core_mqtt_sublist_insert
<LI><a href="#[267]">&gt;&gt;</a>&nbsp;&nbsp;&nbsp;at_resp_get_line_by_kw
<LI><a href="#[266]">&gt;&gt;</a>&nbsp;&nbsp;&nbsp;at_resp_get_line
<LI><a href="#[238]">&gt;&gt;</a>&nbsp;&nbsp;&nbsp;at_create_resp
<LI><a href="#[264]">&gt;&gt;</a>&nbsp;&nbsp;&nbsp;get_urc_obj
<LI><a href="#[c2]">&gt;&gt;</a>&nbsp;&nbsp;&nbsp;client_parser
<LI><a href="#[1a8]">&gt;&gt;</a>&nbsp;&nbsp;&nbsp;writeCString
<LI><a href="#[1aa]">&gt;&gt;</a>&nbsp;&nbsp;&nbsp;MQTTstrlen
<LI><a href="#[44a]">&gt;&gt;</a>&nbsp;&nbsp;&nbsp;set_info
<LI><a href="#[448]">&gt;&gt;</a>&nbsp;&nbsp;&nbsp;set_mqttinfo
<LI><a href="#[4ab]">&gt;&gt;</a>&nbsp;&nbsp;&nbsp;read_userReg_webContent
<LI><a href="#[3c3]">&gt;&gt;</a>&nbsp;&nbsp;&nbsp;reg_httpServer_webContent
<LI><a href="#[384]">&gt;&gt;</a>&nbsp;&nbsp;&nbsp;send_http_response_header
<LI><a href="#[347]">&gt;&gt;</a>&nbsp;&nbsp;&nbsp;mid
<LI><a href="#[346]">&gt;&gt;</a>&nbsp;&nbsp;&nbsp;get_http_param_value
<LI><a href="#[39a]">&gt;&gt;</a>&nbsp;&nbsp;&nbsp;json_token_streq
</UL>

<P><STRONG><a name="[11c]"></a>strtoll</STRONG> (Thumb, 4 bytes, Stack size 0 bytes, strtoll.o(.text))
<BR><BR>[Stack]<UL><LI>Max Depth = 80<LI>Call Chain = strtoll &rArr; __strtoll &rArr; _strtoull
</UL>
<BR>[Calls]<UL><LI><a href="#[11d]">&gt;&gt;</a>&nbsp;&nbsp;&nbsp;__strtoll
</UL>
<BR>[Called By]<UL><LI><a href="#[265]">&gt;&gt;</a>&nbsp;&nbsp;&nbsp;at_sscanf
</UL>

<P><STRONG><a name="[1b3]"></a>strcmp</STRONG> (Thumb, 28 bytes, Stack size 8 bytes, strcmp.o(.text))
<BR><BR>[Stack]<UL><LI>Max Depth = 8<LI>Call Chain = strcmp
</UL>
<BR>[Called By]<UL><LI><a href="#[d4]">&gt;&gt;</a>&nbsp;&nbsp;&nbsp;oled_control_thread
<LI><a href="#[e8]">&gt;&gt;</a>&nbsp;&nbsp;&nbsp;mqtt_subscribe_command
<LI><a href="#[108]">&gt;&gt;</a>&nbsp;&nbsp;&nbsp;MQTTSetMessageHandler
<LI><a href="#[2e9]">&gt;&gt;</a>&nbsp;&nbsp;&nbsp;flash_get_comp
<LI><a href="#[382]">&gt;&gt;</a>&nbsp;&nbsp;&nbsp;predefined_set_cgi_processor
<LI><a href="#[381]">&gt;&gt;</a>&nbsp;&nbsp;&nbsp;predefined_get_cgi_processor
<LI><a href="#[335]">&gt;&gt;</a>&nbsp;&nbsp;&nbsp;find_userReg_webContent
<LI><a href="#[37b]">&gt;&gt;</a>&nbsp;&nbsp;&nbsp;http_process_handler
<LI><a href="#[34a]">&gt;&gt;</a>&nbsp;&nbsp;&nbsp;get_http_uri_name
<LI><a href="#[379]">&gt;&gt;</a>&nbsp;&nbsp;&nbsp;parse_http_request
</UL>

<P><STRONG><a name="[207]"></a>memcmp</STRONG> (Thumb, 26 bytes, Stack size 12 bytes, memcmp.o(.text))
<BR><BR>[Stack]<UL><LI>Max Depth = 12<LI>Call Chain = memcmp
</UL>
<BR>[Called By]<UL><LI><a href="#[486]">&gt;&gt;</a>&nbsp;&nbsp;&nbsp;read_and_match_name
<LI><a href="#[485]">&gt;&gt;</a>&nbsp;&nbsp;&nbsp;psm_search_index
<LI><a href="#[48d]">&gt;&gt;</a>&nbsp;&nbsp;&nbsp;psm_write_verify
<LI><a href="#[205]">&gt;&gt;</a>&nbsp;&nbsp;&nbsp;_core_mqtt_sublist_insert
</UL>

<P><STRONG><a name="[34b]"></a>strcpy</STRONG> (Thumb, 18 bytes, Stack size 0 bytes, strcpy.o(.text))
<BR><BR>[Called By]<UL><LI><a href="#[e8]">&gt;&gt;</a>&nbsp;&nbsp;&nbsp;mqtt_subscribe_command
<LI><a href="#[3c3]">&gt;&gt;</a>&nbsp;&nbsp;&nbsp;reg_httpServer_webContent
<LI><a href="#[37c]">&gt;&gt;</a>&nbsp;&nbsp;&nbsp;send_http_response_body
<LI><a href="#[37b]">&gt;&gt;</a>&nbsp;&nbsp;&nbsp;http_process_handler
<LI><a href="#[38d]">&gt;&gt;</a>&nbsp;&nbsp;&nbsp;inet_addr_
<LI><a href="#[34a]">&gt;&gt;</a>&nbsp;&nbsp;&nbsp;get_http_uri_name
<LI><a href="#[379]">&gt;&gt;</a>&nbsp;&nbsp;&nbsp;parse_http_request
<LI><a href="#[3dc]">&gt;&gt;</a>&nbsp;&nbsp;&nbsp;make_http_response_head
</UL>

<P><STRONG><a name="[19e]"></a>strncmp</STRONG> (Thumb, 30 bytes, Stack size 12 bytes, strncmp.o(.text))
<BR><BR>[Stack]<UL><LI>Max Depth = 12<LI>Call Chain = strncmp
</UL>
<BR>[Called By]<UL><LI><a href="#[2b5]">&gt;&gt;</a>&nbsp;&nbsp;&nbsp;camera_tcpc
<LI><a href="#[19d]">&gt;&gt;</a>&nbsp;&nbsp;&nbsp;MQTTPacket_equals
<LI><a href="#[371]">&gt;&gt;</a>&nbsp;&nbsp;&nbsp;lock_and_find_handler_by_name
<LI><a href="#[264]">&gt;&gt;</a>&nbsp;&nbsp;&nbsp;get_urc_obj
<LI><a href="#[39a]">&gt;&gt;</a>&nbsp;&nbsp;&nbsp;json_token_streq
</UL>

<P><STRONG><a name="[242]"></a>strtok</STRONG> (Thumb, 62 bytes, Stack size 16 bytes, strtok.o(.text))
<BR><BR>[Stack]<UL><LI>Max Depth = 16<LI>Call Chain = strtok
</UL>
<BR>[Called By]<UL><LI><a href="#[17]">&gt;&gt;</a>&nbsp;&nbsp;&nbsp;aiot_mqtt_recv_handler
<LI><a href="#[38d]">&gt;&gt;</a>&nbsp;&nbsp;&nbsp;inet_addr_
<LI><a href="#[34a]">&gt;&gt;</a>&nbsp;&nbsp;&nbsp;get_http_uri_name
<LI><a href="#[379]">&gt;&gt;</a>&nbsp;&nbsp;&nbsp;parse_http_request
</UL>

<P><STRONG><a name="[11e]"></a>vsscanf</STRONG> (Thumb, 40 bytes, Stack size 56 bytes, vsscanf.o(.text))
<BR><BR>[Stack]<UL><LI>Max Depth = 248<LI>Call Chain = vsscanf &rArr; __vfscanf_char &rArr; __vfscanf &rArr; _scanf_real
</UL>
<BR>[Calls]<UL><LI><a href="#[11f]">&gt;&gt;</a>&nbsp;&nbsp;&nbsp;__vfscanf_char
</UL>
<BR>[Called By]<UL><LI><a href="#[4ac]">&gt;&gt;</a>&nbsp;&nbsp;&nbsp;sys_sscanf
</UL>

<P><STRONG><a name="[120]"></a>strtol</STRONG> (Thumb, 112 bytes, Stack size 32 bytes, strtol.o(.text))
<BR><BR>[Stack]<UL><LI>Max Depth = 72<LI>Call Chain = strtol &rArr; _strtoul
</UL>
<BR>[Calls]<UL><LI><a href="#[121]">&gt;&gt;</a>&nbsp;&nbsp;&nbsp;_strtoul
<LI><a href="#[122]">&gt;&gt;</a>&nbsp;&nbsp;&nbsp;__aeabi_errno_addr
<LI><a href="#[118]">&gt;&gt;</a>&nbsp;&nbsp;&nbsp;__rt_ctype_table
</UL>
<BR>[Called By]<UL><LI><a href="#[478]">&gt;&gt;</a>&nbsp;&nbsp;&nbsp;psm_get_variable_int
<LI><a href="#[265]">&gt;&gt;</a>&nbsp;&nbsp;&nbsp;at_sscanf
<LI><a href="#[126]">&gt;&gt;</a>&nbsp;&nbsp;&nbsp;atoi
</UL>

<P><STRONG><a name="[123]"></a>strtoul</STRONG> (Thumb, 114 bytes, Stack size 40 bytes, strtoul.o(.text))
<BR><BR>[Stack]<UL><LI>Max Depth = 80<LI>Call Chain = strtoul &rArr; _strtoul
</UL>
<BR>[Calls]<UL><LI><a href="#[121]">&gt;&gt;</a>&nbsp;&nbsp;&nbsp;_strtoul
<LI><a href="#[122]">&gt;&gt;</a>&nbsp;&nbsp;&nbsp;__aeabi_errno_addr
<LI><a href="#[118]">&gt;&gt;</a>&nbsp;&nbsp;&nbsp;__rt_ctype_table
</UL>
<BR>[Called By]<UL><LI><a href="#[265]">&gt;&gt;</a>&nbsp;&nbsp;&nbsp;at_sscanf
</UL>

<P><STRONG><a name="[124]"></a>strtoull</STRONG> (Thumb, 4 bytes, Stack size 0 bytes, strtoull.o(.text))
<BR><BR>[Stack]<UL><LI>Max Depth = 88<LI>Call Chain = strtoull &rArr; __strtoull &rArr; _strtoull
</UL>
<BR>[Calls]<UL><LI><a href="#[125]">&gt;&gt;</a>&nbsp;&nbsp;&nbsp;__strtoull
</UL>
<BR>[Called By]<UL><LI><a href="#[265]">&gt;&gt;</a>&nbsp;&nbsp;&nbsp;at_sscanf
</UL>

<P><STRONG><a name="[126]"></a>atoi</STRONG> (Thumb, 26 bytes, Stack size 16 bytes, atoi.o(.text))
<BR><BR>[Stack]<UL><LI>Max Depth = 88<LI>Call Chain = atoi &rArr; strtol &rArr; _strtoul
</UL>
<BR>[Calls]<UL><LI><a href="#[122]">&gt;&gt;</a>&nbsp;&nbsp;&nbsp;__aeabi_errno_addr
<LI><a href="#[120]">&gt;&gt;</a>&nbsp;&nbsp;&nbsp;strtol
</UL>
<BR>[Called By]<UL><LI><a href="#[34c]">&gt;&gt;</a>&nbsp;&nbsp;&nbsp;get_int_number
<LI><a href="#[e8]">&gt;&gt;</a>&nbsp;&nbsp;&nbsp;mqtt_subscribe_command
<LI><a href="#[17]">&gt;&gt;</a>&nbsp;&nbsp;&nbsp;aiot_mqtt_recv_handler
<LI><a href="#[265]">&gt;&gt;</a>&nbsp;&nbsp;&nbsp;at_sscanf
</UL>

<P><STRONG><a name="[127]"></a>__aeabi_dadd</STRONG> (Thumb, 322 bytes, Stack size 48 bytes, dadd.o(.text))
<BR><BR>[Stack]<UL><LI>Max Depth = 88<LI>Call Chain = __aeabi_dadd &rArr; _double_epilogue &rArr; _double_round
</UL>
<BR>[Calls]<UL><LI><a href="#[128]">&gt;&gt;</a>&nbsp;&nbsp;&nbsp;__aeabi_lasr
<LI><a href="#[117]">&gt;&gt;</a>&nbsp;&nbsp;&nbsp;__aeabi_llsl
<LI><a href="#[12a]">&gt;&gt;</a>&nbsp;&nbsp;&nbsp;_double_round
<LI><a href="#[129]">&gt;&gt;</a>&nbsp;&nbsp;&nbsp;_double_epilogue
</UL>
<BR>[Called By]<UL><LI><a href="#[12b]">&gt;&gt;</a>&nbsp;&nbsp;&nbsp;__aeabi_dsub
<LI><a href="#[350]">&gt;&gt;</a>&nbsp;&nbsp;&nbsp;gps_data_resolving
<LI><a href="#[12c]">&gt;&gt;</a>&nbsp;&nbsp;&nbsp;__aeabi_drsub
<LI><a href="#[504]">&gt;&gt;</a>&nbsp;&nbsp;&nbsp;_fp_digits
</UL>

<P><STRONG><a name="[12b]"></a>__aeabi_dsub</STRONG> (Thumb, 6 bytes, Stack size 0 bytes, dadd.o(.text))
<BR><BR>[Stack]<UL><LI>Max Depth = 88<LI>Call Chain = __aeabi_dsub &rArr; __aeabi_dadd &rArr; _double_epilogue &rArr; _double_round
</UL>
<BR>[Calls]<UL><LI><a href="#[127]">&gt;&gt;</a>&nbsp;&nbsp;&nbsp;__aeabi_dadd
</UL>
<BR>[Called By]<UL><LI><a href="#[350]">&gt;&gt;</a>&nbsp;&nbsp;&nbsp;gps_data_resolving
</UL>

<P><STRONG><a name="[12c]"></a>__aeabi_drsub</STRONG> (Thumb, 6 bytes, Stack size 0 bytes, dadd.o(.text), UNUSED)
<BR><BR>[Calls]<UL><LI><a href="#[127]">&gt;&gt;</a>&nbsp;&nbsp;&nbsp;__aeabi_dadd
</UL>

<P><STRONG><a name="[12d]"></a>__aeabi_dmul</STRONG> (Thumb, 228 bytes, Stack size 48 bytes, dmul.o(.text))
<BR><BR>[Stack]<UL><LI>Max Depth = 88<LI>Call Chain = __aeabi_dmul &rArr; _double_epilogue &rArr; _double_round
</UL>
<BR>[Calls]<UL><LI><a href="#[129]">&gt;&gt;</a>&nbsp;&nbsp;&nbsp;_double_epilogue
</UL>
<BR>[Called By]<UL><LI><a href="#[49a]">&gt;&gt;</a>&nbsp;&nbsp;&nbsp;read_autoeclosing_current_value
<LI><a href="#[4a9]">&gt;&gt;</a>&nbsp;&nbsp;&nbsp;read_power_board_dc7_current_value
<LI><a href="#[4aa]">&gt;&gt;</a>&nbsp;&nbsp;&nbsp;read_power_board_dc7_voltage_value
<LI><a href="#[4a7]">&gt;&gt;</a>&nbsp;&nbsp;&nbsp;read_power_board_dc6_current_value
<LI><a href="#[4a8]">&gt;&gt;</a>&nbsp;&nbsp;&nbsp;read_power_board_dc6_voltage_value
<LI><a href="#[4a5]">&gt;&gt;</a>&nbsp;&nbsp;&nbsp;read_power_board_dc5_current_value
<LI><a href="#[4a6]">&gt;&gt;</a>&nbsp;&nbsp;&nbsp;read_power_board_dc5_voltage_value
<LI><a href="#[4a3]">&gt;&gt;</a>&nbsp;&nbsp;&nbsp;read_power_board_dc4_current_value
<LI><a href="#[4a4]">&gt;&gt;</a>&nbsp;&nbsp;&nbsp;read_power_board_dc4_voltage_value
<LI><a href="#[4a1]">&gt;&gt;</a>&nbsp;&nbsp;&nbsp;read_power_board_dc3_current_value
<LI><a href="#[4a2]">&gt;&gt;</a>&nbsp;&nbsp;&nbsp;read_power_board_dc3_voltage_value
<LI><a href="#[49f]">&gt;&gt;</a>&nbsp;&nbsp;&nbsp;read_power_board_dc2_current_value
<LI><a href="#[4a0]">&gt;&gt;</a>&nbsp;&nbsp;&nbsp;read_power_board_dc2_voltage_value
<LI><a href="#[49d]">&gt;&gt;</a>&nbsp;&nbsp;&nbsp;read_power_board_dc1_current_value
<LI><a href="#[49e]">&gt;&gt;</a>&nbsp;&nbsp;&nbsp;read_power_board_dc1_voltage_value
<LI><a href="#[412]">&gt;&gt;</a>&nbsp;&nbsp;&nbsp;read_power_board_ac_current_value
<LI><a href="#[411]">&gt;&gt;</a>&nbsp;&nbsp;&nbsp;read_power_board_ac_voltage_value
<LI><a href="#[138]">&gt;&gt;</a>&nbsp;&nbsp;&nbsp;_fp_value
<LI><a href="#[504]">&gt;&gt;</a>&nbsp;&nbsp;&nbsp;_fp_digits
</UL>

<P><STRONG><a name="[12e]"></a>__aeabi_ddiv</STRONG> (Thumb, 222 bytes, Stack size 32 bytes, ddiv.o(.text))
<BR><BR>[Stack]<UL><LI>Max Depth = 40<LI>Call Chain = __aeabi_ddiv &rArr; _double_round
</UL>
<BR>[Calls]<UL><LI><a href="#[12a]">&gt;&gt;</a>&nbsp;&nbsp;&nbsp;_double_round
</UL>
<BR>[Called By]<UL><LI><a href="#[350]">&gt;&gt;</a>&nbsp;&nbsp;&nbsp;gps_data_resolving
<LI><a href="#[3f0]">&gt;&gt;</a>&nbsp;&nbsp;&nbsp;report_circuit_breaker_4p_data
<LI><a href="#[3ef]">&gt;&gt;</a>&nbsp;&nbsp;&nbsp;report_circuit_breaker_2p_data
<LI><a href="#[157]">&gt;&gt;</a>&nbsp;&nbsp;&nbsp;ClockSync_CalculateDivInteger
<LI><a href="#[156]">&gt;&gt;</a>&nbsp;&nbsp;&nbsp;ClockSync_CalculateDivFraction
<LI><a href="#[1e4]">&gt;&gt;</a>&nbsp;&nbsp;&nbsp;SmartCard_CalculateDivInteger
<LI><a href="#[1e3]">&gt;&gt;</a>&nbsp;&nbsp;&nbsp;SmartCard_CalculateDivFraction
<LI><a href="#[1ed]">&gt;&gt;</a>&nbsp;&nbsp;&nbsp;UART_CalculateDivInteger
<LI><a href="#[1ec]">&gt;&gt;</a>&nbsp;&nbsp;&nbsp;UART_CalculateDivFraction
<LI><a href="#[138]">&gt;&gt;</a>&nbsp;&nbsp;&nbsp;_fp_value
<LI><a href="#[504]">&gt;&gt;</a>&nbsp;&nbsp;&nbsp;_fp_digits
</UL>

<P><STRONG><a name="[12f]"></a>__aeabi_i2d</STRONG> (Thumb, 34 bytes, Stack size 16 bytes, dflti.o(.text))
<BR><BR>[Stack]<UL><LI>Max Depth = 56<LI>Call Chain = __aeabi_i2d &rArr; _double_epilogue &rArr; _double_round
</UL>
<BR>[Calls]<UL><LI><a href="#[129]">&gt;&gt;</a>&nbsp;&nbsp;&nbsp;_double_epilogue
</UL>
<BR>[Called By]<UL><LI><a href="#[49a]">&gt;&gt;</a>&nbsp;&nbsp;&nbsp;read_autoeclosing_current_value
<LI><a href="#[4a9]">&gt;&gt;</a>&nbsp;&nbsp;&nbsp;read_power_board_dc7_current_value
<LI><a href="#[4aa]">&gt;&gt;</a>&nbsp;&nbsp;&nbsp;read_power_board_dc7_voltage_value
<LI><a href="#[4a7]">&gt;&gt;</a>&nbsp;&nbsp;&nbsp;read_power_board_dc6_current_value
<LI><a href="#[4a8]">&gt;&gt;</a>&nbsp;&nbsp;&nbsp;read_power_board_dc6_voltage_value
<LI><a href="#[4a5]">&gt;&gt;</a>&nbsp;&nbsp;&nbsp;read_power_board_dc5_current_value
<LI><a href="#[4a6]">&gt;&gt;</a>&nbsp;&nbsp;&nbsp;read_power_board_dc5_voltage_value
<LI><a href="#[4a3]">&gt;&gt;</a>&nbsp;&nbsp;&nbsp;read_power_board_dc4_current_value
<LI><a href="#[4a4]">&gt;&gt;</a>&nbsp;&nbsp;&nbsp;read_power_board_dc4_voltage_value
<LI><a href="#[4a1]">&gt;&gt;</a>&nbsp;&nbsp;&nbsp;read_power_board_dc3_current_value
<LI><a href="#[4a2]">&gt;&gt;</a>&nbsp;&nbsp;&nbsp;read_power_board_dc3_voltage_value
<LI><a href="#[49f]">&gt;&gt;</a>&nbsp;&nbsp;&nbsp;read_power_board_dc2_current_value
<LI><a href="#[4a0]">&gt;&gt;</a>&nbsp;&nbsp;&nbsp;read_power_board_dc2_voltage_value
<LI><a href="#[49d]">&gt;&gt;</a>&nbsp;&nbsp;&nbsp;read_power_board_dc1_current_value
<LI><a href="#[49e]">&gt;&gt;</a>&nbsp;&nbsp;&nbsp;read_power_board_dc1_voltage_value
<LI><a href="#[412]">&gt;&gt;</a>&nbsp;&nbsp;&nbsp;read_power_board_ac_current_value
<LI><a href="#[411]">&gt;&gt;</a>&nbsp;&nbsp;&nbsp;read_power_board_ac_voltage_value
<LI><a href="#[34c]">&gt;&gt;</a>&nbsp;&nbsp;&nbsp;get_int_number
<LI><a href="#[350]">&gt;&gt;</a>&nbsp;&nbsp;&nbsp;gps_data_resolving
<LI><a href="#[3f0]">&gt;&gt;</a>&nbsp;&nbsp;&nbsp;report_circuit_breaker_4p_data
<LI><a href="#[3ef]">&gt;&gt;</a>&nbsp;&nbsp;&nbsp;report_circuit_breaker_2p_data
</UL>

<P><STRONG><a name="[130]"></a>__aeabi_ui2d</STRONG> (Thumb, 26 bytes, Stack size 16 bytes, dfltui.o(.text))
<BR><BR>[Stack]<UL><LI>Max Depth = 56<LI>Call Chain = __aeabi_ui2d &rArr; _double_epilogue &rArr; _double_round
</UL>
<BR>[Calls]<UL><LI><a href="#[129]">&gt;&gt;</a>&nbsp;&nbsp;&nbsp;_double_epilogue
</UL>
<BR>[Called By]<UL><LI><a href="#[3f0]">&gt;&gt;</a>&nbsp;&nbsp;&nbsp;report_circuit_breaker_4p_data
<LI><a href="#[3ef]">&gt;&gt;</a>&nbsp;&nbsp;&nbsp;report_circuit_breaker_2p_data
<LI><a href="#[157]">&gt;&gt;</a>&nbsp;&nbsp;&nbsp;ClockSync_CalculateDivInteger
<LI><a href="#[1e4]">&gt;&gt;</a>&nbsp;&nbsp;&nbsp;SmartCard_CalculateDivInteger
<LI><a href="#[1ed]">&gt;&gt;</a>&nbsp;&nbsp;&nbsp;UART_CalculateDivInteger
</UL>

<P><STRONG><a name="[131]"></a>__aeabi_ul2d</STRONG> (Thumb, 24 bytes, Stack size 16 bytes, dfltul.o(.text))
<BR><BR>[Stack]<UL><LI>Max Depth = 56<LI>Call Chain = __aeabi_ul2d &rArr; _double_epilogue &rArr; _double_round
</UL>
<BR>[Calls]<UL><LI><a href="#[129]">&gt;&gt;</a>&nbsp;&nbsp;&nbsp;_double_epilogue
</UL>
<BR>[Called By]<UL><LI><a href="#[3f0]">&gt;&gt;</a>&nbsp;&nbsp;&nbsp;report_circuit_breaker_4p_data
<LI><a href="#[3ef]">&gt;&gt;</a>&nbsp;&nbsp;&nbsp;report_circuit_breaker_2p_data
<LI><a href="#[157]">&gt;&gt;</a>&nbsp;&nbsp;&nbsp;ClockSync_CalculateDivInteger
<LI><a href="#[156]">&gt;&gt;</a>&nbsp;&nbsp;&nbsp;ClockSync_CalculateDivFraction
<LI><a href="#[1e4]">&gt;&gt;</a>&nbsp;&nbsp;&nbsp;SmartCard_CalculateDivInteger
<LI><a href="#[1e3]">&gt;&gt;</a>&nbsp;&nbsp;&nbsp;SmartCard_CalculateDivFraction
<LI><a href="#[1ed]">&gt;&gt;</a>&nbsp;&nbsp;&nbsp;UART_CalculateDivInteger
<LI><a href="#[1ec]">&gt;&gt;</a>&nbsp;&nbsp;&nbsp;UART_CalculateDivFraction
<LI><a href="#[138]">&gt;&gt;</a>&nbsp;&nbsp;&nbsp;_fp_value
</UL>

<P><STRONG><a name="[132]"></a>__aeabi_d2iz</STRONG> (Thumb, 62 bytes, Stack size 16 bytes, dfixi.o(.text))
<BR><BR>[Stack]<UL><LI>Max Depth = 16<LI>Call Chain = __aeabi_d2iz
</UL>
<BR>[Calls]<UL><LI><a href="#[116]">&gt;&gt;</a>&nbsp;&nbsp;&nbsp;__aeabi_llsr
</UL>
<BR>[Called By]<UL><LI><a href="#[34c]">&gt;&gt;</a>&nbsp;&nbsp;&nbsp;get_int_number
<LI><a href="#[350]">&gt;&gt;</a>&nbsp;&nbsp;&nbsp;gps_data_resolving
</UL>

<P><STRONG><a name="[3a9]"></a>__aeabi_f2d</STRONG> (Thumb, 38 bytes, Stack size 0 bytes, f2d.o(.text))
<BR><BR>[Called By]<UL><LI><a href="#[d4]">&gt;&gt;</a>&nbsp;&nbsp;&nbsp;oled_control_thread
<LI><a href="#[3ed]">&gt;&gt;</a>&nbsp;&nbsp;&nbsp;report_power_data
<LI><a href="#[3ec]">&gt;&gt;</a>&nbsp;&nbsp;&nbsp;report_gate_data
<LI><a href="#[3a6]">&gt;&gt;</a>&nbsp;&nbsp;&nbsp;json_set_object_value
<LI><a href="#[3ee]">&gt;&gt;</a>&nbsp;&nbsp;&nbsp;report_autoeclosing_data
</UL>

<P><STRONG><a name="[133]"></a>__aeabi_d2f</STRONG> (Thumb, 56 bytes, Stack size 8 bytes, d2f.o(.text))
<BR><BR>[Stack]<UL><LI>Max Depth = 8<LI>Call Chain = __aeabi_d2f
</UL>
<BR>[Calls]<UL><LI><a href="#[134]">&gt;&gt;</a>&nbsp;&nbsp;&nbsp;_float_round
</UL>
<BR>[Called By]<UL><LI><a href="#[49a]">&gt;&gt;</a>&nbsp;&nbsp;&nbsp;read_autoeclosing_current_value
<LI><a href="#[4a9]">&gt;&gt;</a>&nbsp;&nbsp;&nbsp;read_power_board_dc7_current_value
<LI><a href="#[4aa]">&gt;&gt;</a>&nbsp;&nbsp;&nbsp;read_power_board_dc7_voltage_value
<LI><a href="#[4a7]">&gt;&gt;</a>&nbsp;&nbsp;&nbsp;read_power_board_dc6_current_value
<LI><a href="#[4a8]">&gt;&gt;</a>&nbsp;&nbsp;&nbsp;read_power_board_dc6_voltage_value
<LI><a href="#[4a5]">&gt;&gt;</a>&nbsp;&nbsp;&nbsp;read_power_board_dc5_current_value
<LI><a href="#[4a6]">&gt;&gt;</a>&nbsp;&nbsp;&nbsp;read_power_board_dc5_voltage_value
<LI><a href="#[4a3]">&gt;&gt;</a>&nbsp;&nbsp;&nbsp;read_power_board_dc4_current_value
<LI><a href="#[4a4]">&gt;&gt;</a>&nbsp;&nbsp;&nbsp;read_power_board_dc4_voltage_value
<LI><a href="#[4a1]">&gt;&gt;</a>&nbsp;&nbsp;&nbsp;read_power_board_dc3_current_value
<LI><a href="#[4a2]">&gt;&gt;</a>&nbsp;&nbsp;&nbsp;read_power_board_dc3_voltage_value
<LI><a href="#[49f]">&gt;&gt;</a>&nbsp;&nbsp;&nbsp;read_power_board_dc2_current_value
<LI><a href="#[4a0]">&gt;&gt;</a>&nbsp;&nbsp;&nbsp;read_power_board_dc2_voltage_value
<LI><a href="#[49d]">&gt;&gt;</a>&nbsp;&nbsp;&nbsp;read_power_board_dc1_current_value
<LI><a href="#[49e]">&gt;&gt;</a>&nbsp;&nbsp;&nbsp;read_power_board_dc1_voltage_value
<LI><a href="#[412]">&gt;&gt;</a>&nbsp;&nbsp;&nbsp;read_power_board_ac_current_value
<LI><a href="#[411]">&gt;&gt;</a>&nbsp;&nbsp;&nbsp;read_power_board_ac_voltage_value
<LI><a href="#[e8]">&gt;&gt;</a>&nbsp;&nbsp;&nbsp;mqtt_subscribe_command
<LI><a href="#[157]">&gt;&gt;</a>&nbsp;&nbsp;&nbsp;ClockSync_CalculateDivInteger
<LI><a href="#[156]">&gt;&gt;</a>&nbsp;&nbsp;&nbsp;ClockSync_CalculateDivFraction
<LI><a href="#[1e4]">&gt;&gt;</a>&nbsp;&nbsp;&nbsp;SmartCard_CalculateDivInteger
<LI><a href="#[1e3]">&gt;&gt;</a>&nbsp;&nbsp;&nbsp;SmartCard_CalculateDivFraction
<LI><a href="#[1ed]">&gt;&gt;</a>&nbsp;&nbsp;&nbsp;UART_CalculateDivInteger
<LI><a href="#[1ec]">&gt;&gt;</a>&nbsp;&nbsp;&nbsp;UART_CalculateDivFraction
<LI><a href="#[139]">&gt;&gt;</a>&nbsp;&nbsp;&nbsp;_scanf_really_real
</UL>

<P><STRONG><a name="[512]"></a>__aeabi_uidiv</STRONG> (Thumb, 0 bytes, Stack size 12 bytes, uidiv.o(.text), UNUSED)

<P><STRONG><a name="[508]"></a>__aeabi_uidivmod</STRONG> (Thumb, 44 bytes, Stack size 12 bytes, uidiv.o(.text), UNUSED)
<BR><BR>[Called By]<UL><LI><a href="#[4fe]">&gt;&gt;</a>&nbsp;&nbsp;&nbsp;_printf_core
</UL>

<P><STRONG><a name="[117]"></a>__aeabi_llsl</STRONG> (Thumb, 30 bytes, Stack size 0 bytes, llshl.o(.text))
<BR><BR>[Called By]<UL><LI><a href="#[127]">&gt;&gt;</a>&nbsp;&nbsp;&nbsp;__aeabi_dadd
<LI><a href="#[129]">&gt;&gt;</a>&nbsp;&nbsp;&nbsp;_double_epilogue
<LI><a href="#[140]">&gt;&gt;</a>&nbsp;&nbsp;&nbsp;__aeabi_d2ulz
<LI><a href="#[115]">&gt;&gt;</a>&nbsp;&nbsp;&nbsp;__aeabi_uldivmod
</UL>

<P><STRONG><a name="[513]"></a>_ll_shift_l</STRONG> (Thumb, 0 bytes, Stack size 0 bytes, llshl.o(.text), UNUSED)

<P><STRONG><a name="[116]"></a>__aeabi_llsr</STRONG> (Thumb, 32 bytes, Stack size 0 bytes, llushr.o(.text))
<BR><BR>[Called By]<UL><LI><a href="#[132]">&gt;&gt;</a>&nbsp;&nbsp;&nbsp;__aeabi_d2iz
<LI><a href="#[129]">&gt;&gt;</a>&nbsp;&nbsp;&nbsp;_double_epilogue
<LI><a href="#[140]">&gt;&gt;</a>&nbsp;&nbsp;&nbsp;__aeabi_d2ulz
<LI><a href="#[115]">&gt;&gt;</a>&nbsp;&nbsp;&nbsp;__aeabi_uldivmod
</UL>

<P><STRONG><a name="[514]"></a>_ll_ushift_r</STRONG> (Thumb, 0 bytes, Stack size 0 bytes, llushr.o(.text), UNUSED)

<P><STRONG><a name="[128]"></a>__aeabi_lasr</STRONG> (Thumb, 36 bytes, Stack size 0 bytes, llsshr.o(.text))
<BR><BR>[Called By]<UL><LI><a href="#[127]">&gt;&gt;</a>&nbsp;&nbsp;&nbsp;__aeabi_dadd
</UL>

<P><STRONG><a name="[515]"></a>_ll_sshift_r</STRONG> (Thumb, 0 bytes, Stack size 0 bytes, llsshr.o(.text), UNUSED)

<P><STRONG><a name="[135]"></a>_scanf_longlong</STRONG> (Thumb, 342 bytes, Stack size 56 bytes, _scanf_longlong.o(.text))
<BR><BR>[Stack]<UL><LI>Max Depth = 56<LI>Call Chain = _scanf_longlong
</UL>
<BR>[Calls]<UL><LI><a href="#[136]">&gt;&gt;</a>&nbsp;&nbsp;&nbsp;_chval
</UL>
<BR>[Called By]<UL><LI><a href="#[13b]">&gt;&gt;</a>&nbsp;&nbsp;&nbsp;__vfscanf
</UL>

<P><STRONG><a name="[137]"></a>_scanf_int</STRONG> (Thumb, 332 bytes, Stack size 56 bytes, _scanf_int.o(.text))
<BR><BR>[Stack]<UL><LI>Max Depth = 56<LI>Call Chain = _scanf_int
</UL>
<BR>[Calls]<UL><LI><a href="#[136]">&gt;&gt;</a>&nbsp;&nbsp;&nbsp;_chval
</UL>
<BR>[Called By]<UL><LI><a href="#[13b]">&gt;&gt;</a>&nbsp;&nbsp;&nbsp;__vfscanf
</UL>

<P><STRONG><a name="[142]"></a>_scanf_string</STRONG> (Thumb, 224 bytes, Stack size 56 bytes, _scanf_str.o(.text))
<BR><BR>[Stack]<UL><LI>Max Depth = 56<LI>Call Chain = _scanf_string
</UL>
<BR>[Called By]<UL><LI><a href="#[13b]">&gt;&gt;</a>&nbsp;&nbsp;&nbsp;__vfscanf
</UL>

<P><STRONG><a name="[13d]"></a>_scanf_real</STRONG> (Thumb, 0 bytes, Stack size 104 bytes, scanf_fp.o(.text))
<BR><BR>[Stack]<UL><LI>Max Depth = 104<LI>Call Chain = _scanf_real
</UL>
<BR>[Called By]<UL><LI><a href="#[13b]">&gt;&gt;</a>&nbsp;&nbsp;&nbsp;__vfscanf
<LI><a href="#[13c]">&gt;&gt;</a>&nbsp;&nbsp;&nbsp;_local_sscanf
</UL>

<P><STRONG><a name="[139]"></a>_scanf_really_real</STRONG> (Thumb, 556 bytes, Stack size 104 bytes, scanf_fp.o(.text), UNUSED)
<BR><BR>[Calls]<UL><LI><a href="#[133]">&gt;&gt;</a>&nbsp;&nbsp;&nbsp;__aeabi_d2f
<LI><a href="#[13a]">&gt;&gt;</a>&nbsp;&nbsp;&nbsp;_is_digit
<LI><a href="#[138]">&gt;&gt;</a>&nbsp;&nbsp;&nbsp;_fp_value
</UL>

<P><STRONG><a name="[11f]"></a>__vfscanf_char</STRONG> (Thumb, 20 bytes, Stack size 0 bytes, scanf_char.o(.text))
[...]
</UL>

<P><STRONG><a name="[264]"></a>get_urc_obj</STRONG> (Thumb, 198 bytes, Stack size 40 bytes, aiot_at_client_api.o(.text.get_urc_obj))
<BR><BR>[Stack]<UL><LI>Max Depth = 52<LI>Call Chain = get_urc_obj &rArr; strncmp
</UL>
<BR>[Calls]<UL><LI><a href="#[19e]">&gt;&gt;</a>&nbsp;&nbsp;&nbsp;strncmp
<LI><a href="#[172]">&gt;&gt;</a>&nbsp;&nbsp;&nbsp;strlen
</UL>
<BR>[Called By]<UL><LI><a href="#[263]">&gt;&gt;</a>&nbsp;&nbsp;&nbsp;at_recv_readline
<LI><a href="#[c2]">&gt;&gt;</a>&nbsp;&nbsp;&nbsp;client_parser
</UL>

<P><STRONG><a name="[255]"></a>at_client_getchar</STRONG> (Thumb, 124 bytes, Stack size 48 bytes, aiot_at_client_api.o(.text.at_client_getchar))
<BR><BR>[Stack]<UL><LI>Max Depth = 176<LI>Call Chain = at_client_getchar &rArr; os_thread_sleep &rArr; vTaskDelay &rArr; xTaskResumeAll &rArr; xTaskIncrementTick
</UL>
<BR>[Calls]<UL><LI><a href="#[256]">&gt;&gt;</a>&nbsp;&nbsp;&nbsp;core_ringbuf_pop_char
<LI><a href="#[206]">&gt;&gt;</a>&nbsp;&nbsp;&nbsp;aiot_sysdep_get_portfile
<LI><a href="#[254]">&gt;&gt;</a>&nbsp;&nbsp;&nbsp;os_thread_sleep
<LI><a href="#[253]">&gt;&gt;</a>&nbsp;&nbsp;&nbsp;os_msec_to_ticks
</UL>
<BR>[Called By]<UL><LI><a href="#[263]">&gt;&gt;</a>&nbsp;&nbsp;&nbsp;at_recv_readline
</UL>

<P><STRONG><a name="[22e]"></a>os_msec_to_ticks</STRONG> (Thumb, 24 bytes, Stack size 4 bytes, aiot_module_api.o(.text.os_msec_to_ticks))
<BR><BR>[Stack]<UL><LI>Max Depth = 4<LI>Call Chain = os_msec_to_ticks
</UL>
<BR>[Called By]<UL><LI><a href="#[3fb]">&gt;&gt;</a>&nbsp;&nbsp;&nbsp;qsdk_nb_quick_connect
<LI><a href="#[22b]">&gt;&gt;</a>&nbsp;&nbsp;&nbsp;aiot_module_handshake
<LI><a href="#[230]">&gt;&gt;</a>&nbsp;&nbsp;&nbsp;aiot_module_init
</UL>

<P><STRONG><a name="[22f]"></a>os_thread_sleep</STRONG> (Thumb, 16 bytes, Stack size 16 bytes, aiot_module_api.o(.text.os_thread_sleep))
<BR><BR>[Stack]<UL><LI>Max Depth = 128<LI>Call Chain = os_thread_sleep &rArr; vTaskDelay &rArr; xTaskResumeAll &rArr; xTaskIncrementTick
</UL>
<BR>[Calls]<UL><LI><a href="#[2e3]">&gt;&gt;</a>&nbsp;&nbsp;&nbsp;vTaskDelay
</UL>
<BR>[Called By]<UL><LI><a href="#[3fb]">&gt;&gt;</a>&nbsp;&nbsp;&nbsp;qsdk_nb_quick_connect
<LI><a href="#[22b]">&gt;&gt;</a>&nbsp;&nbsp;&nbsp;aiot_module_handshake
<LI><a href="#[230]">&gt;&gt;</a>&nbsp;&nbsp;&nbsp;aiot_module_init
</UL>

<P><STRONG><a name="[495]"></a>qsdk_nb_set_rtc_time</STRONG> (Thumb, 480 bytes, Stack size 64 bytes, aiot_module_api.o(.text.qsdk_nb_set_rtc_time))
<BR><BR>[Stack]<UL><LI>Max Depth = 320<LI>Call Chain = qsdk_nb_set_rtc_time &rArr; sys_printf &rArr; sys_vprintf &rArr; os_mutex_put &rArr; xQueueGenericSend &rArr; xTaskResumeAll &rArr; xTaskIncrementTick
</UL>
<BR>[Calls]<UL><LI><a href="#[20b]">&gt;&gt;</a>&nbsp;&nbsp;&nbsp;sys_printf
</UL>
<BR>[Called By]<UL><LI><a href="#[494]">&gt;&gt;</a>&nbsp;&nbsp;&nbsp;qsdk_nb_get_time
</UL>

<P><STRONG><a name="[208]"></a>CORE_INIT_LIST_HEAD</STRONG> (Thumb, 16 bytes, Stack size 4 bytes, aiot_mqtt_api.o(.text.CORE_INIT_LIST_HEAD))
<BR><BR>[Stack]<UL><LI>Max Depth = 4<LI>Call Chain = CORE_INIT_LIST_HEAD
</UL>
<BR>[Called By]<UL><LI><a href="#[236]">&gt;&gt;</a>&nbsp;&nbsp;&nbsp;aiot_mqtt_connect
<LI><a href="#[205]">&gt;&gt;</a>&nbsp;&nbsp;&nbsp;_core_mqtt_sublist_insert
</UL>

<P><STRONG><a name="[23b]"></a>os_msec_to_ticks</STRONG> (Thumb, 24 bytes, Stack size 4 bytes, aiot_mqtt_api.o(.text.os_msec_to_ticks))
<BR><BR>[Stack]<UL><LI>Max Depth = 4<LI>Call Chain = os_msec_to_ticks
</UL>
<BR>[Called By]<UL><LI><a href="#[23a]">&gt;&gt;</a>&nbsp;&nbsp;&nbsp;aiot_mqtt_disconnect
<LI><a href="#[243]">&gt;&gt;</a>&nbsp;&nbsp;&nbsp;aiot_mqtt_sub
<LI><a href="#[3fe]">&gt;&gt;</a>&nbsp;&nbsp;&nbsp;qsdk_mqtt_open
</UL>

<P><STRONG><a name="[23c]"></a>os_thread_sleep</STRONG> (Thumb, 16 bytes, Stack size 16 bytes, aiot_mqtt_api.o(.text.os_thread_sleep))
<BR><BR>[Stack]<UL><LI>Max Depth = 128<LI>Call Chain = os_thread_sleep &rArr; vTaskDelay &rArr; xTaskResumeAll &rArr; xTaskIncrementTick
</UL>
<BR>[Calls]<UL><LI><a href="#[2e3]">&gt;&gt;</a>&nbsp;&nbsp;&nbsp;vTaskDelay
</UL>
<BR>[Called By]<UL><LI><a href="#[23a]">&gt;&gt;</a>&nbsp;&nbsp;&nbsp;aiot_mqtt_disconnect
<LI><a href="#[243]">&gt;&gt;</a>&nbsp;&nbsp;&nbsp;aiot_mqtt_sub
<LI><a href="#[3fe]">&gt;&gt;</a>&nbsp;&nbsp;&nbsp;qsdk_mqtt_open
</UL>

<P><STRONG><a name="[203]"></a>_core_mqtt_sublist_destroy</STRONG> (Thumb, 148 bytes, Stack size 24 bytes, aiot_mqtt_api.o(.text._core_mqtt_sublist_destroy))
<BR><BR>[Stack]<UL><LI>Max Depth = 64<LI>Call Chain = _core_mqtt_sublist_destroy &rArr; core_list_del &rArr; __core_list_del_entry &rArr; __core_list_del
</UL>
<BR>[Calls]<UL><LI><a href="#[204]">&gt;&gt;</a>&nbsp;&nbsp;&nbsp;core_list_del
</UL>
<BR>[Called By]<UL><LI><a href="#[23a]">&gt;&gt;</a>&nbsp;&nbsp;&nbsp;aiot_mqtt_disconnect
</UL>

<P><STRONG><a name="[204]"></a>core_list_del</STRONG> (Thumb, 24 bytes, Stack size 16 bytes, aiot_mqtt_api.o(.text.core_list_del))
<BR><BR>[Stack]<UL><LI>Max Depth = 40<LI>Call Chain = core_list_del &rArr; __core_list_del_entry &rArr; __core_list_del
</UL>
<BR>[Calls]<UL><LI><a href="#[1ff]">&gt;&gt;</a>&nbsp;&nbsp;&nbsp;__core_list_del_entry
</UL>
<BR>[Called By]<UL><LI><a href="#[203]">&gt;&gt;</a>&nbsp;&nbsp;&nbsp;_core_mqtt_sublist_destroy
</UL>

<P><STRONG><a name="[205]"></a>_core_mqtt_sublist_insert</STRONG> (Thumb, 426 bytes, Stack size 64 bytes, aiot_mqtt_api.o(.text._core_mqtt_sublist_insert))
<BR><BR>[Stack]<UL><LI>Max Depth = 92<LI>Call Chain = _core_mqtt_sublist_insert &rArr; core_list_add_tail &rArr; __core_list_add
</UL>
<BR>[Calls]<UL><LI><a href="#[209]">&gt;&gt;</a>&nbsp;&nbsp;&nbsp;core_list_add_tail
<LI><a href="#[208]">&gt;&gt;</a>&nbsp;&nbsp;&nbsp;CORE_INIT_LIST_HEAD
<LI><a href="#[206]">&gt;&gt;</a>&nbsp;&nbsp;&nbsp;aiot_sysdep_get_portfile
<LI><a href="#[207]">&gt;&gt;</a>&nbsp;&nbsp;&nbsp;memcmp
<LI><a href="#[172]">&gt;&gt;</a>&nbsp;&nbsp;&nbsp;strlen
<LI><a href="#[119]">&gt;&gt;</a>&nbsp;&nbsp;&nbsp;__aeabi_memclr
<LI><a href="#[1ae]">&gt;&gt;</a>&nbsp;&nbsp;&nbsp;__aeabi_memcpy
</UL>
<BR>[Called By]<UL><LI><a href="#[243]">&gt;&gt;</a>&nbsp;&nbsp;&nbsp;aiot_mqtt_sub
</UL>

<P><STRONG><a name="[209]"></a>core_list_add_tail</STRONG> (Thumb, 22 bytes, Stack size 16 bytes, aiot_mqtt_api.o(.text.core_list_add_tail))
<BR><BR>[Stack]<UL><LI>Max Depth = 28<LI>Call Chain = core_list_add_tail &rArr; __core_list_add
</UL>
<BR>[Calls]<UL><LI><a href="#[2dd]">&gt;&gt;</a>&nbsp;&nbsp;&nbsp;__core_list_add
</UL>
<BR>[Called By]<UL><LI><a href="#[205]">&gt;&gt;</a>&nbsp;&nbsp;&nbsp;_core_mqtt_sublist_insert
</UL>

<P><STRONG><a name="[1ff]"></a>__core_list_del_entry</STRONG> (Thumb, 20 bytes, Stack size 16 bytes, aiot_mqtt_api.o(.text.__core_list_del_entry))
<BR><BR>[Stack]<UL><LI>Max Depth = 24<LI>Call Chain = __core_list_del_entry &rArr; __core_list_del
</UL>
<BR>[Calls]<UL><LI><a href="#[200]">&gt;&gt;</a>&nbsp;&nbsp;&nbsp;__core_list_del
</UL>
<BR>[Called By]<UL><LI><a href="#[204]">&gt;&gt;</a>&nbsp;&nbsp;&nbsp;core_list_del
</UL>

<P><STRONG><a name="[200]"></a>__core_list_del</STRONG> (Thumb, 22 bytes, Stack size 8 bytes, aiot_mqtt_api.o(.text.__core_list_del))
<BR><BR>[Stack]<UL><LI>Max Depth = 8<LI>Call Chain = __core_list_del
</UL>
<BR>[Called By]<UL><LI><a href="#[1ff]">&gt;&gt;</a>&nbsp;&nbsp;&nbsp;__core_list_del_entry
</UL>

<P><STRONG><a name="[2dd]"></a>__core_list_add</STRONG> (Thumb, 36 bytes, Stack size 12 bytes, aiot_mqtt_api.o(.text.__core_list_add))
<BR><BR>[Stack]<UL><LI>Max Depth = 12<LI>Call Chain = __core_list_add
</UL>
<BR>[Called By]<UL><LI><a href="#[209]">&gt;&gt;</a>&nbsp;&nbsp;&nbsp;core_list_add_tail
</UL>

<P><STRONG><a name="[403]"></a>os_msec_to_ticks</STRONG> (Thumb, 24 bytes, Stack size 4 bytes, posix_port.o(.text.os_msec_to_ticks))
<BR><BR>[Stack]<UL><LI>Max Depth = 4<LI>Call Chain = os_msec_to_ticks
</UL>
<BR>[Called By]<UL><LI><a href="#[f0]">&gt;&gt;</a>&nbsp;&nbsp;&nbsp;nb_rx_control_thread
</UL>

<P><STRONG><a name="[404]"></a>os_thread_sleep</STRONG> (Thumb, 16 bytes, Stack size 16 bytes, posix_port.o(.text.os_thread_sleep))
<BR><BR>[Stack]<UL><LI>Max Depth = 128<LI>Call Chain = os_thread_sleep &rArr; vTaskDelay &rArr; xTaskResumeAll &rArr; xTaskIncrementTick
</UL>
<BR>[Calls]<UL><LI><a href="#[2e3]">&gt;&gt;</a>&nbsp;&nbsp;&nbsp;vTaskDelay
</UL>
<BR>[Called By]<UL><LI><a href="#[f0]">&gt;&gt;</a>&nbsp;&nbsp;&nbsp;nb_rx_control_thread
</UL>

<P><STRONG><a name="[405]"></a>os_thread_create</STRONG> (Thumb, 66 bytes, Stack size 40 bytes, posix_port.o(.text.os_thread_create))
<BR><BR>[Stack]<UL><LI>Max Depth = 240<LI>Call Chain = os_thread_create &rArr; xTaskCreate &rArr; pvPortMalloc &rArr; xTaskResumeAll &rArr; xTaskIncrementTick
</UL>
<BR>[Calls]<UL><LI><a href="#[423]">&gt;&gt;</a>&nbsp;&nbsp;&nbsp;xTaskCreate
</UL>
<BR>[Called By]<UL><LI><a href="#[25b]">&gt;&gt;</a>&nbsp;&nbsp;&nbsp;nb_rx_process_init
</UL>

<P><STRONG><a name="[38f]"></a>jsmn_alloc_token</STRONG> (Thumb, 80 bytes, Stack size 20 bytes, jsmn.o(.text.jsmn_alloc_token))
<BR><BR>[Stack]<UL><LI>Max Depth = 20<LI>Call Chain = jsmn_alloc_token
</UL>
<BR>[Called By]<UL><LI><a href="#[38e]">&gt;&gt;</a>&nbsp;&nbsp;&nbsp;jsmn_parse
<LI><a href="#[391]">&gt;&gt;</a>&nbsp;&nbsp;&nbsp;jsmn_parse_primitive
<LI><a href="#[390]">&gt;&gt;</a>&nbsp;&nbsp;&nbsp;jsmn_parse_string
</UL>

<P><STRONG><a name="[390]"></a>jsmn_parse_string</STRONG> (Thumb, 648 bytes, Stack size 56 bytes, jsmn.o(.text.jsmn_parse_string))
<BR><BR>[Stack]<UL><LI>Max Depth = 76<LI>Call Chain = jsmn_parse_string &rArr; jsmn_alloc_token
</UL>
<BR>[Calls]<UL><LI><a href="#[392]">&gt;&gt;</a>&nbsp;&nbsp;&nbsp;jsmn_fill_token
<LI><a href="#[38f]">&gt;&gt;</a>&nbsp;&nbsp;&nbsp;jsmn_alloc_token
</UL>
<BR>[Called By]<UL><LI><a href="#[38e]">&gt;&gt;</a>&nbsp;&nbsp;&nbsp;jsmn_parse
</UL>

<P><STRONG><a name="[391]"></a>jsmn_parse_primitive</STRONG> (Thumb, 290 bytes, Stack size 48 bytes, jsmn.o(.text.jsmn_parse_primitive))
<BR><BR>[Stack]<UL><LI>Max Depth = 68<LI>Call Chain = jsmn_parse_primitive &rArr; jsmn_alloc_token
</UL>
<BR>[Calls]<UL><LI><a href="#[392]">&gt;&gt;</a>&nbsp;&nbsp;&nbsp;jsmn_fill_token
<LI><a href="#[38f]">&gt;&gt;</a>&nbsp;&nbsp;&nbsp;jsmn_alloc_token
</UL>
<BR>[Called By]<UL><LI><a href="#[38e]">&gt;&gt;</a>&nbsp;&nbsp;&nbsp;jsmn_parse
</UL>

<P><STRONG><a name="[392]"></a>jsmn_fill_token</STRONG> (Thumb, 42 bytes, Stack size 16 bytes, jsmn.o(.text.jsmn_fill_token))
<BR><BR>[Stack]<UL><LI>Max Depth = 16<LI>Call Chain = jsmn_fill_token
</UL>
<BR>[Called By]<UL><LI><a href="#[391]">&gt;&gt;</a>&nbsp;&nbsp;&nbsp;jsmn_parse_primitive
<LI><a href="#[390]">&gt;&gt;</a>&nbsp;&nbsp;&nbsp;jsmn_parse_string
</UL>

<P><STRONG><a name="[4e3]"></a>skip</STRONG> (Thumb, 54 bytes, Stack size 8 bytes, json_generator.o(.text.skip))
<BR><BR>[Stack]<UL><LI>Max Depth = 8<LI>Call Chain = skip
</UL>
<BR>[Called By]<UL><LI><a href="#[3a7]">&gt;&gt;</a>&nbsp;&nbsp;&nbsp;verify_json_start
</UL>

<P><STRONG><a name="[394]"></a>verify_buffer_limit</STRONG> (Thumb, 68 bytes, Stack size 16 bytes, json_generator.o(.text.verify_buffer_limit))
<BR><BR>[Stack]<UL><LI>Max Depth = 272<LI>Call Chain = verify_buffer_limit &rArr; sys_printf &rArr; sys_vprintf &rArr; os_mutex_put &rArr; xQueueGenericSend &rArr; xTaskResumeAll &rArr; xTaskIncrementTick
</UL>
<BR>[Calls]<UL><LI><a href="#[20b]">&gt;&gt;</a>&nbsp;&nbsp;&nbsp;sys_printf
</UL>
<BR>[Called By]<UL><LI><a href="#[3a6]">&gt;&gt;</a>&nbsp;&nbsp;&nbsp;json_set_object_value
<LI><a href="#[3a3]">&gt;&gt;</a>&nbsp;&nbsp;&nbsp;json_push_object
<LI><a href="#[393]">&gt;&gt;</a>&nbsp;&nbsp;&nbsp;json_close_object
<LI><a href="#[3aa]">&gt;&gt;</a>&nbsp;&nbsp;&nbsp;json_start_object
</UL>

<P><STRONG><a name="[3a4]"></a>rev_skip</STRONG> (Thumb, 54 bytes, Stack size 8 bytes, json_generator.o(.text.rev_skip))
<BR><BR>[Stack]<UL><LI>Max Depth = 8<LI>Call Chain = rev_skip
</UL>
<BR>[Called By]<UL><LI><a href="#[3a6]">&gt;&gt;</a>&nbsp;&nbsp;&nbsp;json_set_object_value
<LI><a href="#[3a3]">&gt;&gt;</a>&nbsp;&nbsp;&nbsp;json_push_object
<LI><a href="#[3aa]">&gt;&gt;</a>&nbsp;&nbsp;&nbsp;json_start_object
</UL>

<P><STRONG><a name="[396]"></a>json_get_value</STRONG> (Thumb, 200 bytes, Stack size 32 bytes, json_parser.o(.text.json_get_value))
<BR><BR>[Stack]<UL><LI>Max Depth = 68<LI>Call Chain = json_get_value &rArr; json_token_streq &rArr; strncmp
</UL>
<BR>[Calls]<UL><LI><a href="#[202]">&gt;&gt;</a>&nbsp;&nbsp;&nbsp;skip_to_last
<LI><a href="#[39a]">&gt;&gt;</a>&nbsp;&nbsp;&nbsp;json_token_streq
</UL>
<BR>[Called By]<UL><LI><a href="#[399]">&gt;&gt;</a>&nbsp;&nbsp;&nbsp;json_get_val_str_len
<LI><a href="#[397]">&gt;&gt;</a>&nbsp;&nbsp;&nbsp;json_get_val_str
<LI><a href="#[395]">&gt;&gt;</a>&nbsp;&nbsp;&nbsp;json_get_composite_object
</UL>

<P><STRONG><a name="[39a]"></a>json_token_streq</STRONG> (Thumb, 82 bytes, Stack size 24 bytes, json_parser.o(.text.json_token_streq))
<BR><BR>[Stack]<UL><LI>Max Depth = 36<LI>Call Chain = json_token_streq &rArr; strncmp
</UL>
<BR>[Calls]<UL><LI><a href="#[19e]">&gt;&gt;</a>&nbsp;&nbsp;&nbsp;strncmp
<LI><a href="#[172]">&gt;&gt;</a>&nbsp;&nbsp;&nbsp;strlen
</UL>
<BR>[Called By]<UL><LI><a href="#[396]">&gt;&gt;</a>&nbsp;&nbsp;&nbsp;json_get_value
</UL>

<P><STRONG><a name="[202]"></a>skip_to_last</STRONG> (Thumb, 84 bytes, Stack size 24 bytes, json_parser.o(.text.skip_to_last))
<BR><BR>[Stack]<UL><LI>Max Depth = 24 + In Cycle
<LI>Call Chain = skip_to_last &rArr;  skip_to_last (Cycle)
</UL>
<BR>[Calls]<UL><LI><a href="#[202]">&gt;&gt;</a>&nbsp;&nbsp;&nbsp;skip_to_last
</UL>
<BR>[Called By]<UL><LI><a href="#[201]">&gt;&gt;</a>&nbsp;&nbsp;&nbsp;__json_is_valid
<LI><a href="#[202]">&gt;&gt;</a>&nbsp;&nbsp;&nbsp;skip_to_last
<LI><a href="#[396]">&gt;&gt;</a>&nbsp;&nbsp;&nbsp;json_get_value
</UL>

<P><STRONG><a name="[398]"></a>json_str_to_str</STRONG> (Thumb, 124 bytes, Stack size 32 bytes, json_parser.o(.text.json_str_to_str))
<BR><BR>[Stack]<UL><LI>Max Depth = 40<LI>Call Chain = json_str_to_str &rArr; strncpy
</UL>
<BR>[Calls]<UL><LI><a href="#[344]">&gt;&gt;</a>&nbsp;&nbsp;&nbsp;strncpy
</UL>
<BR>[Called By]<UL><LI><a href="#[397]">&gt;&gt;</a>&nbsp;&nbsp;&nbsp;json_get_val_str
</UL>

<P><STRONG><a name="[39c]"></a>json_obj_init</STRONG> (Thumb, 42 bytes, Stack size 24 bytes, json_parser.o(.text.json_obj_init))
<BR><BR>[Stack]<UL><LI>Max Depth = 28<LI>Call Chain = json_obj_init &rArr; jsmn_init
</UL>
<BR>[Calls]<UL><LI><a href="#[39f]">&gt;&gt;</a>&nbsp;&nbsp;&nbsp;jsmn_init
</UL>
<BR>[Called By]<UL><LI><a href="#[3a0]">&gt;&gt;</a>&nbsp;&nbsp;&nbsp;json_parse_start
<LI><a href="#[39b]">&gt;&gt;</a>&nbsp;&nbsp;&nbsp;json_init
</UL>

<P><STRONG><a name="[39d]"></a>json_is_object_valid</STRONG> (Thumb, 18 bytes, Stack size 16 bytes, json_parser.o(.text.json_is_object_valid))
<BR><BR>[Stack]<UL><LI>Max Depth = 80<LI>Call Chain = json_is_object_valid &rArr; __json_is_valid &rArr;  __json_is_valid (Cycle)
</UL>
<BR>[Calls]<UL><LI><a href="#[201]">&gt;&gt;</a>&nbsp;&nbsp;&nbsp;__json_is_valid
</UL>
<BR>[Called By]<UL><LI><a href="#[39b]">&gt;&gt;</a>&nbsp;&nbsp;&nbsp;json_init
</UL>

<P><STRONG><a name="[39e]"></a>json_is_array_valid</STRONG> (Thumb, 18 bytes, Stack size 16 bytes, json_parser.o(.text.json_is_array_valid))
<BR><BR>[Stack]<UL><LI>Max Depth = 80<LI>Call Chain = json_is_array_valid &rArr; __json_is_valid &rArr;  __json_is_valid (Cycle)
</UL>
<BR>[Calls]<UL><LI><a href="#[201]">&gt;&gt;</a>&nbsp;&nbsp;&nbsp;__json_is_valid
</UL>
<BR>[Called By]<UL><LI><a href="#[39b]">&gt;&gt;</a>&nbsp;&nbsp;&nbsp;json_init
</UL>

<P><STRONG><a name="[201]"></a>__json_is_valid</STRONG> (Thumb, 282 bytes, Stack size 40 bytes, json_parser.o(.text.__json_is_valid))
<BR><BR>[Stack]<UL><LI>Max Depth = 64 + In Cycle
<LI>Call Chain = __json_is_valid &rArr;  __json_is_valid (Cycle)
</UL>
<BR>[Calls]<UL><LI><a href="#[201]">&gt;&gt;</a>&nbsp;&nbsp;&nbsp;__json_is_valid
<LI><a href="#[202]">&gt;&gt;</a>&nbsp;&nbsp;&nbsp;skip_to_last
</UL>
<BR>[Called By]<UL><LI><a href="#[201]">&gt;&gt;</a>&nbsp;&nbsp;&nbsp;__json_is_valid
<LI><a href="#[39e]">&gt;&gt;</a>&nbsp;&nbsp;&nbsp;json_is_array_valid
<LI><a href="#[39d]">&gt;&gt;</a>&nbsp;&nbsp;&nbsp;json_is_object_valid
</UL>

<P><STRONG><a name="[3a1]"></a>os_mem_calloc</STRONG> (Thumb, 36 bytes, Stack size 16 bytes, json_parser.o(.text.os_mem_calloc))
<BR><BR>[Stack]<UL><LI>Max Depth = 152<LI>Call Chain = os_mem_calloc &rArr; pvPortMalloc &rArr; xTaskResumeAll &rArr; xTaskIncrementTick
</UL>
<BR>[Calls]<UL><LI><a href="#[2e1]">&gt;&gt;</a>&nbsp;&nbsp;&nbsp;pvPortMalloc
<LI><a href="#[119]">&gt;&gt;</a>&nbsp;&nbsp;&nbsp;__aeabi_memclr
</UL>
<BR>[Called By]<UL><LI><a href="#[3a0]">&gt;&gt;</a>&nbsp;&nbsp;&nbsp;json_parse_start
</UL>

<P><STRONG><a name="[504]"></a>_fp_digits</STRONG> (Thumb, 366 bytes, Stack size 64 bytes, printfa.o(i._fp_digits), UNUSED)
<BR><BR>[Calls]<UL><LI><a href="#[12d]">&gt;&gt;</a>&nbsp;&nbsp;&nbsp;__aeabi_dmul
<LI><a href="#[127]">&gt;&gt;</a>&nbsp;&nbsp;&nbsp;__aeabi_dadd
<LI><a href="#[12e]">&gt;&gt;</a>&nbsp;&nbsp;&nbsp;__aeabi_ddiv
<LI><a href="#[140]">&gt;&gt;</a>&nbsp;&nbsp;&nbsp;__aeabi_d2ulz
<LI><a href="#[505]">&gt;&gt;</a>&nbsp;&nbsp;&nbsp;__aeabi_cdrcmple
<LI><a href="#[115]">&gt;&gt;</a>&nbsp;&nbsp;&nbsp;__aeabi_uldivmod
</UL>
<BR>[Called By]<UL><LI><a href="#[4fe]">&gt;&gt;</a>&nbsp;&nbsp;&nbsp;_printf_core
</UL>

<P><STRONG><a name="[4fe]"></a>_printf_core</STRONG> (Thumb, 1744 bytes, Stack size 136 bytes, printfa.o(i._printf_core), UNUSED)
<BR><BR>[Calls]<UL><LI><a href="#[508]">&gt;&gt;</a>&nbsp;&nbsp;&nbsp;__aeabi_uidivmod
<LI><a href="#[506]">&gt;&gt;</a>&nbsp;&nbsp;&nbsp;_printf_pre_padding
<LI><a href="#[507]">&gt;&gt;</a>&nbsp;&nbsp;&nbsp;_printf_post_padding
<LI><a href="#[504]">&gt;&gt;</a>&nbsp;&nbsp;&nbsp;_fp_digits
<LI><a href="#[115]">&gt;&gt;</a>&nbsp;&nbsp;&nbsp;__aeabi_uldivmod
</UL>
<BR>[Called By]<UL><LI><a href="#[501]">&gt;&gt;</a>&nbsp;&nbsp;&nbsp;__0vsnprintf
<LI><a href="#[500]">&gt;&gt;</a>&nbsp;&nbsp;&nbsp;__0sprintf
<LI><a href="#[4ff]">&gt;&gt;</a>&nbsp;&nbsp;&nbsp;__0snprintf
<LI><a href="#[4fd]">&gt;&gt;</a>&nbsp;&nbsp;&nbsp;__0printf
</UL>

<P><STRONG><a name="[507]"></a>_printf_post_padding</STRONG> (Thumb, 36 bytes, Stack size 24 bytes, printfa.o(i._printf_post_padding), UNUSED)
<BR><BR>[Called By]<UL><LI><a href="#[4fe]">&gt;&gt;</a>&nbsp;&nbsp;&nbsp;_printf_core
</UL>

<P><STRONG><a name="[506]"></a>_printf_pre_padding</STRONG> (Thumb, 46 bytes, Stack size 24 bytes, printfa.o(i._printf_pre_padding), UNUSED)
<BR><BR>[Called By]<UL><LI><a href="#[4fe]">&gt;&gt;</a>&nbsp;&nbsp;&nbsp;_printf_core
</UL>

<P><STRONG><a name="[105]"></a>_snputc</STRONG> (Thumb, 22 bytes, Stack size 0 bytes, printfa.o(i._snputc))
<BR>[Address Reference Count : 2]<UL><LI> printfa.o(i.__0snprintf)
<LI> printfa.o(i.__0vsnprintf)
</UL>
<P><STRONG><a name="[106]"></a>_sputc</STRONG> (Thumb, 10 bytes, Stack size 0 bytes, printfa.o(i._sputc))
<BR><BR>[Called By]<UL><LI><a href="#[500]">&gt;&gt;</a>&nbsp;&nbsp;&nbsp;__0sprintf
</UL>
<BR>[Address Reference Count : 1]<UL><LI> printfa.o(i.__0sprintf)
</UL>
<P><STRONG><a name="[138]"></a>_fp_value</STRONG> (Thumb, 296 bytes, Stack size 64 bytes, scanf_fp.o(.text), UNUSED)
<BR><BR>[Calls]<UL><LI><a href="#[12d]">&gt;&gt;</a>&nbsp;&nbsp;&nbsp;__aeabi_dmul
<LI><a href="#[12e]">&gt;&gt;</a>&nbsp;&nbsp;&nbsp;__aeabi_ddiv
<LI><a href="#[131]">&gt;&gt;</a>&nbsp;&nbsp;&nbsp;__aeabi_ul2d
</UL>
<BR>[Called By]<UL><LI><a href="#[139]">&gt;&gt;</a>&nbsp;&nbsp;&nbsp;_scanf_really_real
</UL>

<P><STRONG><a name="[bc]"></a>_scanf_char_input</STRONG> (Thumb, 12 bytes, Stack size 0 bytes, scanf_char.o(.text))
<BR>[Address Reference Count : 1]<UL><LI> scanf_char.o(.text)
</UL>
<P><STRONG><a name="[13c]"></a>_local_sscanf</STRONG> (Thumb, 62 bytes, Stack size 64 bytes, strtod.o(.text))
<BR><BR>[Stack]<UL><LI>Max Depth = 168<LI>Call Chain = _local_sscanf &rArr; _scanf_real
</UL>
<BR>[Calls]<UL><LI><a href="#[13d]">&gt;&gt;</a>&nbsp;&nbsp;&nbsp;_scanf_real
</UL>
<BR>[Called By]<UL><LI><a href="#[13e]">&gt;&gt;</a>&nbsp;&nbsp;&nbsp;__strtod_int
</UL>
<P>
<H3>
Undefined Global Symbols
</H3><HR></body></html>
